******************************************************************************
             TMS320C2000 Linker PC v22.6.0                     
******************************************************************************
>> Linked Fri Mar  3 11:14:25 2023

OUTPUT FILE NAME:   <XM3_Inverter_Controller.out>
ENTRY POINT SYMBOL: "_c_int00"  address: 000853ee


MEMORY CONFIGURATION

         name            origin    length      used     unused   attr    fill
----------------------  --------  ---------  --------  --------  ----  --------
PAGE 0:
  RAMM0                 00000122   000002de  00000000  000002de  RWIX
  RAMLS0                00008000   00000800  000000d3  0000072d  RWIX
  RAMLS1                00008800   00000800  00000000  00000800  RWIX
  RAMLS2                00009000   00000800  00000000  00000800  RWIX
  RAMLS3                00009800   00000800  00000000  00000800  RWIX
  RAMLS4                0000a000   00000800  00000000  00000800  RWIX
  RAMD0                 0000b000   00000800  00000000  00000800  RWIX
  RAMGS14               0001a000   00001000  00000000  00001000  RWIX
  RAMGS15               0001b000   00001000  00000000  00001000  RWIX
  BEGIN                 00080000   00000002  00000002  00000000  RWIX
  FLASHA                00080002   00001ffe  00000000  00001ffe  RWIX
  FLASHB                00082000   00002000  00001ffe  00000002  RWIX
  FLASHC                00084000   00002000  00001502  00000afe  RWIX
  FLASHD                00086000   00002000  000000d3  00001f2d  RWIX
  FLASHE                00088000   00008000  00000000  00008000  RWIX
  FLASHF                00090000   00008000  0000002c  00007fd4  RWIX
  FLASHG                00098000   00008000  00000000  00008000  RWIX
  FLASHH                000a0000   00008000  00000000  00008000  RWIX
  FLASHI                000a8000   00008000  00000000  00008000  RWIX
  FLASHJ                000b0000   00008000  00000000  00008000  RWIX
  FLASHK                000b8000   00002000  00000000  00002000  RWIX
  FLASHL                000ba000   00002000  00000000  00002000  RWIX
  FLASHM                000bc000   00002000  00000000  00002000  RWIX
  FLASHN                000be000   00001ff0  00000000  00001ff0  RWIX
  FLASHN_DO_NOT_USE     000bfff0   00000010  00000000  00000010  RWIX
  RESET                 003fffc0   00000002  00000000  00000002  RWIX

PAGE 1:
  BOOT_RSVD             00000002   00000120  00000088  00000098  RWIX
  RAMM1                 00000400   00000400  00000288  00000178  RWIX
  ADCARESULT            00000b00   00000018  00000018  00000000  RWIX
  ADCBRESULT            00000b20   00000018  00000018  00000000  RWIX
  ADCCRESULT            00000b40   00000018  00000018  00000000  RWIX
  ADCDRESULT            00000b60   00000018  00000018  00000000  RWIX
  CPUTIMER0             00000c00   00000008  00000008  00000000  RWIX
  CPUTIMER1             00000c08   00000008  00000008  00000000  RWIX
  CPUTIMER2             00000c10   00000008  00000008  00000000  RWIX
  PIECTRL               00000ce0   0000001a  0000001a  00000000  RWIX
  PIEVECTTABLE          00000d00   00000200  00000000  00000200  RWIX
  DMA                   00001000   00000200  000000e0  00000120  RWIX
  CLA1                  00001400   00000080  0000003e  00000042  RWIX
  CLB1LOGICCFG          00003000   00000052  0000003e  00000014  RWIX
  CLB1LOGICCTRL         00003100   00000040  00000040  00000000  RWIX
  CLB1DATAEXCH          00003200   00000200  00000108  000000f8  RWIX
  CLB2LOGICCFG          00003400   00000052  0000003e  00000014  RWIX
  CLB2LOGICCTRL         00003500   00000040  00000040  00000000  RWIX
  CLB2DATAEXCH          00003600   00000200  00000108  000000f8  RWIX
  CLB3LOGICCFG          00003800   00000052  0000003e  00000014  RWIX
  CLB3LOGICCTRL         00003900   00000040  00000040  00000000  RWIX
  CLB3DATAEXCH          00003a00   00000200  00000108  000000f8  RWIX
  CLB4LOGICCFG          00003c00   00000052  0000003e  00000014  RWIX
  CLB4LOGICCTRL         00003d00   00000040  00000040  00000000  RWIX
  CLB4DATAEXCH          00003e00   00000200  00000108  000000f8  RWIX
  EPWM1                 00004000   00000100  00000100  00000000  RWIX
  EPWM2                 00004100   00000100  00000100  00000000  RWIX
  EPWM3                 00004200   00000100  00000100  00000000  RWIX
  EPWM4                 00004300   00000100  00000100  00000000  RWIX
  EPWM5                 00004400   00000100  00000100  00000000  RWIX
  EPWM6                 00004500   00000100  00000100  00000000  RWIX
  EPWM7                 00004600   00000100  00000100  00000000  RWIX
  EPWM8                 00004700   00000100  00000100  00000000  RWIX
  EPWM9                 00004800   00000100  00000100  00000000  RWIX
  EPWM10                00004900   00000100  00000100  00000000  RWIX
  EPWM11                00004a00   00000100  00000100  00000000  RWIX
  EPWM12                00004b00   00000100  00000100  00000000  RWIX
  ECAP1                 00005000   00000020  0000001a  00000006  RWIX
  ECAP2                 00005020   00000020  0000001a  00000006  RWIX
  ECAP3                 00005040   00000020  0000001a  00000006  RWIX
  ECAP4                 00005060   00000020  0000001a  00000006  RWIX
  ECAP5                 00005080   00000020  0000001a  00000006  RWIX
  ECAP6                 000050a0   00000020  0000001a  00000006  RWIX
  EQEP1                 00005100   00000022  00000022  00000000  RWIX
  EQEP2                 00005140   00000022  00000022  00000000  RWIX
  EQEP3                 00005180   00000022  00000022  00000000  RWIX
  DACA                  00005c00   00000008  00000007  00000001  RWIX
  DACB                  00005c10   00000008  00000007  00000001  RWIX
  DACC                  00005c20   00000008  00000007  00000001  RWIX
  CMPSS1                00005c80   00000020  0000001b  00000005  RWIX
  CMPSS2                00005ca0   00000020  0000001b  00000005  RWIX
  CMPSS3                00005cc0   00000020  0000001b  00000005  RWIX
  CMPSS4                00005ce0   00000020  0000001b  00000005  RWIX
  CMPSS5                00005d00   00000020  0000001b  00000005  RWIX
  CMPSS6                00005d20   00000020  0000001b  00000005  RWIX
  CMPSS7                00005d40   00000020  0000001b  00000005  RWIX
  CMPSS8                00005d60   00000020  0000001b  00000005  RWIX
  SDFM1                 00005e00   00000080  00000048  00000038  RWIX
  SDFM2                 00005e80   00000080  00000048  00000038  RWIX
  MCBSPA                00006000   00000024  00000024  00000000  RWIX
  MCBSPB                00006040   00000024  00000024  00000000  RWIX
  SPIA                  00006100   00000010  00000010  00000000  RWIX
  SPIB                  00006110   00000010  00000010  00000000  RWIX
  SPIC                  00006120   00000010  00000010  00000000  RWIX
  UPP                   00006200   00000048  00000048  00000000  RWIX
  WD                    00007000   0000002b  0000002b  00000000  RWIX
  NMIINTRUPT            00007060   00000007  00000007  00000000  RWIX
  XINT                  00007070   0000000b  0000000b  00000000  RWIX
  SCIA                  00007200   00000010  00000010  00000000  RWIX
  SCIB                  00007210   00000010  00000010  00000000  RWIX
  SCIC                  00007220   00000010  00000010  00000000  RWIX
  SCID                  00007230   00000010  00000010  00000000  RWIX
  I2CA                  00007300   00000022  00000022  00000000  RWIX
  I2CB                  00007340   00000022  00000022  00000000  RWIX
  ADCA                  00007400   00000080  0000007c  00000004  RWIX
  ADCB                  00007480   00000080  0000007c  00000004  RWIX
  ADCC                  00007500   00000080  0000007c  00000004  RWIX
  ADCD                  00007580   00000080  0000007c  00000004  RWIX
  INPUTXBAR             00007900   00000020  00000020  00000000  RWIX
  XBAR                  00007920   00000020  0000000e  00000012  RWIX
  SYNCSOC               00007940   00000006  00000006  00000000  RWIX
  DMACLASRCSEL          00007980   0000001a  0000001a  00000000  RWIX
  EPWMXBAR              00007a00   00000040  00000040  00000000  RWIX
  CLBXBAR               00007a40   00000040  00000040  00000000  RWIX
  OUTPUTXBAR            00007a80   00000040  00000040  00000000  RWIX
  GPIOCTRL              00007c00   00000180  00000180  00000000  RWIX
  GPIODATA              00007f00   00000030  00000030  00000000  RWIX
  RAMLS5                0000a800   00000800  0000010b  000006f5  RWIX
  RAMD1                 0000b800   00000800  00000000  00000800  RWIX
  RAMGS0                0000c000   00001000  00000000  00001000  RWIX
  RAMGS1                0000d000   00001000  00000000  00001000  RWIX
  RAMGS2                0000e000   00001000  00000000  00001000  RWIX
  RAMGS3                0000f000   00001000  00000000  00001000  RWIX
  RAMGS4                00010000   00001000  00000000  00001000  RWIX
  RAMGS5                00011000   00001000  00000000  00001000  RWIX
  RAMGS6                00012000   00001000  00000000  00001000  RWIX
  RAMGS7                00013000   00001000  00000000  00001000  RWIX
  RAMGS8                00014000   00001000  00000000  00001000  RWIX
  RAMGS9                00015000   00001000  00000000  00001000  RWIX
  RAMGS10               00016000   00001000  00000000  00001000  RWIX
  RAMGS11               00017000   00001000  00000000  00001000  RWIX
  RAMGS12               00018000   00001000  00000000  00001000  RWIX
  RAMGS13               00019000   00001000  00000000  00001000  RWIX
  CPU2TOCPU1RAM         0003f800   00000400  00000000  00000400  RWIX
  CPU1TOCPU2RAM         0003fc00   00000400  00000088  00000378  RWIX
  EMIF1                 00047000   00000070  00000028  00000048  RWIX
  EMIF2                 00047800   00000070  00000028  00000048  RWIX
  CANA                  00048000   00000200  00000164  0000009c  RWIX
  CANB                  0004a000   00000200  00000164  0000009c  RWIX
  IPC                   00050000   00000024  00000024  00000000  RWIX
  FLASHPUMPSEMAPHORE    00050024   00000002  00000002  00000000  RWIX
  DEVCFG                0005d000   0000012e  0000012e  00000000  RWIX
  ANALOGSUBSYS          0005d180   00000048  0000003e  0000000a  RWIX
  CLKCFG                0005d200   00000032  00000032  00000000  RWIX
  CPUSYS                0005d300   00000082  00000082  00000000  RWIX
  ROMPREFETCH           0005e608   00000002  00000002  00000000  RWIX
  DCSMZ1                0005f000   00000024  00000022  00000002  RWIX
  DCSMZ2                0005f040   00000024  00000022  00000002  RWIX
  DCSMCOMMON            0005f070   00000008  00000006  00000002  RWIX
  MEMCFG                0005f400   00000080  00000076  0000000a  RWIX
  EMIF1CONFIG           0005f480   00000020  0000000a  00000016  RWIX
  EMIF2CONFIG           0005f4a0   00000020  0000000a  00000016  RWIX
  ACCESSPROTECTION      0005f4c0   00000040  0000002e  00000012  RWIX
  MEMORYERROR           0005f500   00000040  0000003a  00000006  RWIX
  ROMWAITSTATE          0005f540   00000002  00000002  00000000  RWIX
  FLASH0CTRL            0005f800   00000182  00000182  00000000  RWIX
  FLASH0ECC             0005fb00   00000028  00000028  00000000  RWIX


SECTION ALLOCATION MAP

 output                                  attributes/
section   page    origin      length       input sections
--------  ----  ----------  ----------   ----------------
.cinit     0    00082000    00000112     
                  00082000    0000004d     main.obj (.cinit)
                  0008204d    00000021     F2837xD_struct.obj (.cinit:_TRIP_SEL)
                  0008206e    0000001d     F2837xD_struct.obj (.cinit:_EPWM)
                  0008208b    00000011     F2837xD_struct.obj (.cinit:_ECAP)
                  0008209c    0000000f     device.obj (.cinit)
                  000820ab    0000000e     rts2800_fpu32.lib : exit.c.obj (.cinit)
                  000820b9    0000000d     F2837xD_struct.obj (.cinit:_ADC)
                  000820c6    0000000b     F2837xD_struct.obj (.cinit:_EQEP)
                  000820d1    0000000b     F2837xD_struct.obj (.cinit:_SPI)
                  000820dc    00000009     F2837xD_struct.obj (.cinit:_SDFM)
                  000820e5    00000007     F2837xD_struct.obj (.cinit:_I2C)
                  000820ec    00000007     F2837xD_struct.obj (.cinit:_MCBSP)
                  000820f3    00000007     F2837xD_struct.obj (.cinit:_SCI)
                  000820fa    00000005     rts2800_fpu32.lib : _lock.c.obj (.cinit:__lock)
                  000820ff    00000005                       : _lock.c.obj (.cinit:__unlock)
                  00082104    00000004     F2837xD_sci_io.obj (.cinit)
                  00082108    00000004     TEMPERATURE.obj (.cinit)
                  0008210c    00000004     rts2800_fpu32.lib : errno.c.obj (.cinit)
                  00082110    00000002     --HOLE-- [fill = 0]

.pinit     0    00082000    00000000     UNINITIALIZED

codestart 
*          0    00080000    00000002     
                  00080000    00000002     F2837xD_CodeStartBranch.obj (codestart)

.TI.ramfunc 
*          0    00086000    000000d3     RUN ADDR = 00008000
                  00086000    000000cb     flash.obj (.TI.ramfunc)
                  000860cb    00000004     F2837xD_usDelay.obj (.TI.ramfunc)
                  000860cf    00000004     sysctl.obj (.TI.ramfunc)

.stack     1    00000400    00000200     UNINITIALIZED
                  00000400    00000200     --HOLE--

.reset     0    003fffc0    00000002     DSECT
                  003fffc0    00000002     rts2800_fpu32.lib : boot28.asm.obj (.reset)

AdcaResultRegsFile 
*          1    00000b00    00000018     UNINITIALIZED
                  00000b00    00000018     F2837xD_GlobalVariableDefs.obj (AdcaResultRegsFile)

AdcbResultRegsFile 
*          1    00000b20    00000018     UNINITIALIZED
                  00000b20    00000018     F2837xD_GlobalVariableDefs.obj (AdcbResultRegsFile)

AdccResultRegsFile 
*          1    00000b40    00000018     UNINITIALIZED
                  00000b40    00000018     F2837xD_GlobalVariableDefs.obj (AdccResultRegsFile)

AdcdResultRegsFile 
*          1    00000b60    00000018     UNINITIALIZED
                  00000b60    00000018     F2837xD_GlobalVariableDefs.obj (AdcdResultRegsFile)

AdcaRegsFile 
*          1    00007400    0000007c     UNINITIALIZED
                  00007400    0000007c     F2837xD_GlobalVariableDefs.obj (AdcaRegsFile)

AdcbRegsFile 
*          1    00007480    0000007c     UNINITIALIZED
                  00007480    0000007c     F2837xD_GlobalVariableDefs.obj (AdcbRegsFile)

AdccRegsFile 
*          1    00007500    0000007c     UNINITIALIZED
                  00007500    0000007c     F2837xD_GlobalVariableDefs.obj (AdccRegsFile)

AdcdRegsFile 
*          1    00007580    0000007c     UNINITIALIZED
                  00007580    0000007c     F2837xD_GlobalVariableDefs.obj (AdcdRegsFile)

PUTBUFFER 
*          1    0003fc00    00000080     UNINITIALIZED
                  0003fc00    00000080     F2837xD_Ipc_Driver.obj (PUTBUFFER)

PUTWRITEIDX 
*          1    0003fc80    00000004     UNINITIALIZED
                  0003fc80    00000004     F2837xD_Ipc_Driver.obj (PUTWRITEIDX)

GETREADIDX 
*          1    0003fc84    00000004     UNINITIALIZED
                  0003fc84    00000004     F2837xD_Ipc_Driver.obj (GETREADIDX)

GETBUFFER 
*          0    0003f800    00000080     DSECT
                  0003f800    00000080     F2837xD_Ipc_Driver.obj (GETBUFFER)

GETWRITEIDX 
*          0    0003f880    00000004     DSECT
                  0003f880    00000004     F2837xD_Ipc_Driver.obj (GETWRITEIDX)

PUTREADIDX 
*          0    0003f884    00000004     DSECT
                  0003f884    00000004     F2837xD_Ipc_Driver.obj (PUTREADIDX)

.TI.memcrc 
*          0    00000000    00000066     COPY SECTION
                  00000000    00000066     (.TI.memcrc:_ccs_flash_checksum)

PieVectTableFile 
*          0    00000d00    000001c0     DSECT
                  00000d00    000001c0     F2837xD_GlobalVariableDefs.obj (PieVectTableFile)

EmuKeyVar 
*          0    00000d00    00000000     DSECT

EmuBModeVar 
*          0    00000d00    00000000     DSECT

EmuBootPinsVar 
*          0    00000d00    00000000     DSECT

FlashCallbackVar 
*          0    00000d00    00000000     DSECT

FlashScalingVar 
*          0    00000d00    00000000     DSECT

.text.1    0    00082114    00001eec     
                  00082114    00000bf2     main.obj (.text)
                  00082d06    00000585     F2837xD_DefaultISR.obj (.text:retain)
                  0008328b    0000057f     sysctl.obj (.text)
                  0008380a    000004e4     TEMPERATURE.obj (.text)
                  00083cee    00000296     GATEDRIVER.obj (.text)
                  00083f84    0000007c     Current.obj (.text)

.text.2    0    00084000    00001502     
                  00084000    000003fd     can.obj (.text)
                  000843fd    000003d7     device.obj (.text)
                  000847d4    000001eb     gpio.obj (.text)
                  000849bf    000001e2     main.obj (.text:retain)
                  00084ba1    0000017f     interrupt.obj (.text)
                  00084d20    00000160     Analog.obj (.text)
                  00084e80    0000012b     rts2800_fpu32.lib : e_logf.c.obj (.text)
                  00084fab    00000111                       : e_expf.c.obj (.text)
                  000850bc    00000103     adc.obj (.text)
                  000851bf    000000bf     CANSetup.obj (.text)
                  0008527e    00000088     rts2800_fpu32.lib : fs_div28.asm.obj (.text)
                  00085306    00000082     Voltage.obj (.text)
                  00085388    00000066     rts2800_fpu32.lib : s_sinf.c.obj (.text)
                  000853ee    00000056                       : boot28.asm.obj (.text)
                  00085444    00000029                       : exit.c.obj (.text)
                  0008546d    00000024                       : cpy_tbl.c.obj (.text)
                  00085491    0000001d                       : memcpy.c.obj (.text)
                  000854ae    00000018                       : ll_aox28.asm.obj (.text)
                  000854c6    00000013     flash.obj (.text)
                  000854d9    00000012     rts2800_fpu32.lib : args_main.c.obj (.text)
                  000854eb    00000009                       : _lock.c.obj (.text)
                  000854f4    00000008     F2837xD_CodeStartBranch.obj (.text)
                  000854fc    00000003     F2837xD_DBGIER.obj (.text)
                  000854ff    00000002     rts2800_fpu32.lib : pre_init.c.obj (.text)
                  00085501    00000001                       : startup.c.obj (.text)

.econst    0    00090000    0000002c     
                  00090000    00000010     rts2800_fpu32.lib : e_expf.c.obj (.econst)
                  00090010    00000010                       : e_logf.c.obj (.econst)
                  00090020    00000004                       : e_expf.c.obj (.econst:_halF)
                  00090024    00000004                       : e_expf.c.obj (.econst:_ln2HI)
                  00090028    00000004                       : e_expf.c.obj (.econst:_ln2LO)

CpuTimer0RegsFile 
*          1    00000c00    00000008     UNINITIALIZED
                  00000c00    00000008     F2837xD_GlobalVariableDefs.obj (CpuTimer0RegsFile)

CpuTimer1RegsFile 
*          1    00000c08    00000008     UNINITIALIZED
                  00000c08    00000008     F2837xD_GlobalVariableDefs.obj (CpuTimer1RegsFile)

CpuTimer2RegsFile 
*          1    00000c10    00000008     UNINITIALIZED
                  00000c10    00000008     F2837xD_GlobalVariableDefs.obj (CpuTimer2RegsFile)

PieCtrlRegsFile 
*          1    00000ce0    0000001a     UNINITIALIZED
                  00000ce0    0000001a     F2837xD_GlobalVariableDefs.obj (PieCtrlRegsFile)

DmaRegsFile 
*          1    00001000    000000e0     UNINITIALIZED
                  00001000    000000e0     F2837xD_GlobalVariableDefs.obj (DmaRegsFile)

Cla1RegsFile 
*          1    00001400    0000003e     UNINITIALIZED
                  00001400    0000003e     F2837xD_GlobalVariableDefs.obj (Cla1RegsFile)

Clb1LogicCfgRegsFile 
*          1    00003000    0000003e     UNINITIALIZED
                  00003000    0000003e     F2837xD_GlobalVariableDefs.obj (Clb1LogicCfgRegsFile)

Clb1LogicCtrlRegsFile 
*          1    00003100    00000040     UNINITIALIZED
                  00003100    00000040     F2837xD_GlobalVariableDefs.obj (Clb1LogicCtrlRegsFile)

Clb1DataExchRegsFile 
*          1    00003200    00000108     UNINITIALIZED
                  00003200    00000108     F2837xD_GlobalVariableDefs.obj (Clb1DataExchRegsFile)

Clb2LogicCfgRegsFile 
*          1    00003400    0000003e     UNINITIALIZED
                  00003400    0000003e     F2837xD_GlobalVariableDefs.obj (Clb2LogicCfgRegsFile)

Clb2LogicCtrlRegsFile 
*          1    00003500    00000040     UNINITIALIZED
                  00003500    00000040     F2837xD_GlobalVariableDefs.obj (Clb2LogicCtrlRegsFile)

Clb2DataExchRegsFile 
*          1    00003600    00000108     UNINITIALIZED
                  00003600    00000108     F2837xD_GlobalVariableDefs.obj (Clb2DataExchRegsFile)

Clb3LogicCfgRegsFile 
*          1    00003800    0000003e     UNINITIALIZED
                  00003800    0000003e     F2837xD_GlobalVariableDefs.obj (Clb3LogicCfgRegsFile)

Clb3LogicCtrlRegsFile 
*          1    00003900    00000040     UNINITIALIZED
                  00003900    00000040     F2837xD_GlobalVariableDefs.obj (Clb3LogicCtrlRegsFile)

Clb3DataExchRegsFile 
*          1    00003a00    00000108     UNINITIALIZED
                  00003a00    00000108     F2837xD_GlobalVariableDefs.obj (Clb3DataExchRegsFile)

Clb4LogicCfgRegsFile 
*          1    00003c00    0000003e     UNINITIALIZED
                  00003c00    0000003e     F2837xD_GlobalVariableDefs.obj (Clb4LogicCfgRegsFile)

Clb4LogicCtrlRegsFile 
*          1    00003d00    00000040     UNINITIALIZED
                  00003d00    00000040     F2837xD_GlobalVariableDefs.obj (Clb4LogicCtrlRegsFile)

Clb4DataExchRegsFile 
*          1    00003e00    00000108     UNINITIALIZED
                  00003e00    00000108     F2837xD_GlobalVariableDefs.obj (Clb4DataExchRegsFile)

EPwm1RegsFile 
*          1    00004000    00000100     UNINITIALIZED
                  00004000    00000100     F2837xD_GlobalVariableDefs.obj (EPwm1RegsFile)

EPwm2RegsFile 
*          1    00004100    00000100     UNINITIALIZED
                  00004100    00000100     F2837xD_GlobalVariableDefs.obj (EPwm2RegsFile)

EPwm3RegsFile 
*          1    00004200    00000100     UNINITIALIZED
                  00004200    00000100     F2837xD_GlobalVariableDefs.obj (EPwm3RegsFile)

EPwm4RegsFile 
*          1    00004300    00000100     UNINITIALIZED
                  00004300    00000100     F2837xD_GlobalVariableDefs.obj (EPwm4RegsFile)

EPwm5RegsFile 
*          1    00004400    00000100     UNINITIALIZED
                  00004400    00000100     F2837xD_GlobalVariableDefs.obj (EPwm5RegsFile)

EPwm6RegsFile 
*          1    00004500    00000100     UNINITIALIZED
                  00004500    00000100     F2837xD_GlobalVariableDefs.obj (EPwm6RegsFile)

EPwm7RegsFile 
*          1    00004600    00000100     UNINITIALIZED
                  00004600    00000100     F2837xD_GlobalVariableDefs.obj (EPwm7RegsFile)

EPwm8RegsFile 
*          1    00004700    00000100     UNINITIALIZED
                  00004700    00000100     F2837xD_GlobalVariableDefs.obj (EPwm8RegsFile)

EPwm9RegsFile 
*          1    00004800    00000100     UNINITIALIZED
                  00004800    00000100     F2837xD_GlobalVariableDefs.obj (EPwm9RegsFile)

EPwm10RegsFile 
*          1    00004900    00000100     UNINITIALIZED
                  00004900    00000100     F2837xD_GlobalVariableDefs.obj (EPwm10RegsFile)

EPwm11RegsFile 
*          1    00004a00    00000100     UNINITIALIZED
                  00004a00    00000100     F2837xD_GlobalVariableDefs.obj (EPwm11RegsFile)

EPwm12RegsFile 
*          1    00004b00    00000100     UNINITIALIZED
                  00004b00    00000100     F2837xD_GlobalVariableDefs.obj (EPwm12RegsFile)

ECap1RegsFile 
*          1    00005000    0000001a     UNINITIALIZED
                  00005000    0000001a     F2837xD_GlobalVariableDefs.obj (ECap1RegsFile)

ECap2RegsFile 
*          1    00005020    0000001a     UNINITIALIZED
                  00005020    0000001a     F2837xD_GlobalVariableDefs.obj (ECap2RegsFile)

ECap3RegsFile 
*          1    00005040    0000001a     UNINITIALIZED
                  00005040    0000001a     F2837xD_GlobalVariableDefs.obj (ECap3RegsFile)

ECap4RegsFile 
*          1    00005060    0000001a     UNINITIALIZED
                  00005060    0000001a     F2837xD_GlobalVariableDefs.obj (ECap4RegsFile)

ECap5RegsFile 
*          1    00005080    0000001a     UNINITIALIZED
                  00005080    0000001a     F2837xD_GlobalVariableDefs.obj (ECap5RegsFile)

ECap6RegsFile 
*          1    000050a0    0000001a     UNINITIALIZED
                  000050a0    0000001a     F2837xD_GlobalVariableDefs.obj (ECap6RegsFile)

EQep1RegsFile 
*          1    00005100    00000022     UNINITIALIZED
                  00005100    00000022     F2837xD_GlobalVariableDefs.obj (EQep1RegsFile)

EQep2RegsFile 
*          1    00005140    00000022     UNINITIALIZED
                  00005140    00000022     F2837xD_GlobalVariableDefs.obj (EQep2RegsFile)

EQep3RegsFile 
*          1    00005180    00000022     UNINITIALIZED
                  00005180    00000022     F2837xD_GlobalVariableDefs.obj (EQep3RegsFile)

DacaRegsFile 
*          1    00005c00    00000007     UNINITIALIZED
                  00005c00    00000007     F2837xD_GlobalVariableDefs.obj (DacaRegsFile)

DacbRegsFile 
*          1    00005c10    00000007     UNINITIALIZED
                  00005c10    00000007     F2837xD_GlobalVariableDefs.obj (DacbRegsFile)

DaccRegsFile 
*          1    00005c20    00000007     UNINITIALIZED
                  00005c20    00000007     F2837xD_GlobalVariableDefs.obj (DaccRegsFile)

Cmpss1RegsFile 
*          1    00005c80    0000001b     UNINITIALIZED
                  00005c80    0000001b     F2837xD_GlobalVariableDefs.obj (Cmpss1RegsFile)

Cmpss2RegsFile 
*          1    00005ca0    0000001b     UNINITIALIZED
                  00005ca0    0000001b     F2837xD_GlobalVariableDefs.obj (Cmpss2RegsFile)

Cmpss3RegsFile 
*          1    00005cc0    0000001b     UNINITIALIZED
                  00005cc0    0000001b     F2837xD_GlobalVariableDefs.obj (Cmpss3RegsFile)

Cmpss4RegsFile 
*          1    00005ce0    0000001b     UNINITIALIZED
                  00005ce0    0000001b     F2837xD_GlobalVariableDefs.obj (Cmpss4RegsFile)

Cmpss5RegsFile 
*          1    00005d00    0000001b     UNINITIALIZED
                  00005d00    0000001b     F2837xD_GlobalVariableDefs.obj (Cmpss5RegsFile)

Cmpss6RegsFile 
*          1    00005d20    0000001b     UNINITIALIZED
                  00005d20    0000001b     F2837xD_GlobalVariableDefs.obj (Cmpss6RegsFile)

Cmpss7RegsFile 
*          1    00005d40    0000001b     UNINITIALIZED
                  00005d40    0000001b     F2837xD_GlobalVariableDefs.obj (Cmpss7RegsFile)

Cmpss8RegsFile 
*          1    00005d60    0000001b     UNINITIALIZED
                  00005d60    0000001b     F2837xD_GlobalVariableDefs.obj (Cmpss8RegsFile)

Sdfm1RegsFile 
*          1    00005e00    00000048     UNINITIALIZED
                  00005e00    00000048     F2837xD_GlobalVariableDefs.obj (Sdfm1RegsFile)

Sdfm2RegsFile 
*          1    00005e80    00000048     UNINITIALIZED
                  00005e80    00000048     F2837xD_GlobalVariableDefs.obj (Sdfm2RegsFile)

McbspaRegsFile 
*          1    00006000    00000024     UNINITIALIZED
                  00006000    00000024     F2837xD_GlobalVariableDefs.obj (McbspaRegsFile)

McbspbRegsFile 
*          1    00006040    00000024     UNINITIALIZED
                  00006040    00000024     F2837xD_GlobalVariableDefs.obj (McbspbRegsFile)

SpiaRegsFile 
*          1    00006100    00000010     UNINITIALIZED
                  00006100    00000010     F2837xD_GlobalVariableDefs.obj (SpiaRegsFile)

SpibRegsFile 
*          1    00006110    00000010     UNINITIALIZED
                  00006110    00000010     F2837xD_GlobalVariableDefs.obj (SpibRegsFile)

SpicRegsFile 
*          1    00006120    00000010     UNINITIALIZED
                  00006120    00000010     F2837xD_GlobalVariableDefs.obj (SpicRegsFile)

UppRegsFile 
*          1    00006200    00000048     UNINITIALIZED
                  00006200    00000048     F2837xD_GlobalVariableDefs.obj (UppRegsFile)

WdRegsFile 
*          1    00007000    0000002b     UNINITIALIZED
                  00007000    0000002b     F2837xD_GlobalVariableDefs.obj (WdRegsFile)

NmiIntruptRegsFile 
*          1    00007060    00000007     UNINITIALIZED
                  00007060    00000007     F2837xD_GlobalVariableDefs.obj (NmiIntruptRegsFile)

XintRegsFile 
*          1    00007070    0000000b     UNINITIALIZED
                  00007070    0000000b     F2837xD_GlobalVariableDefs.obj (XintRegsFile)

SciaRegsFile 
*          1    00007200    00000010     UNINITIALIZED
                  00007200    00000010     F2837xD_GlobalVariableDefs.obj (SciaRegsFile)

ScibRegsFile 
*          1    00007210    00000010     UNINITIALIZED
                  00007210    00000010     F2837xD_GlobalVariableDefs.obj (ScibRegsFile)

ScicRegsFile 
*          1    00007220    00000010     UNINITIALIZED
                  00007220    00000010     F2837xD_GlobalVariableDefs.obj (ScicRegsFile)

ScidRegsFile 
*          1    00007230    00000010     UNINITIALIZED
                  00007230    00000010     F2837xD_GlobalVariableDefs.obj (ScidRegsFile)

I2caRegsFile 
*          1    00007300    00000022     UNINITIALIZED
                  00007300    00000022     F2837xD_GlobalVariableDefs.obj (I2caRegsFile)

I2cbRegsFile 
*          1    00007340    00000022     UNINITIALIZED
                  00007340    00000022     F2837xD_GlobalVariableDefs.obj (I2cbRegsFile)

InputXbarRegsFile 
*          1    00007900    00000020     UNINITIALIZED
                  00007900    00000020     F2837xD_GlobalVariableDefs.obj (InputXbarRegsFile)

XbarRegsFile 
*          1    00007920    0000000e     UNINITIALIZED
                  00007920    0000000e     F2837xD_GlobalVariableDefs.obj (XbarRegsFile)

SyncSocRegsFile 
*          1    00007940    00000006     UNINITIALIZED
                  00007940    00000006     F2837xD_GlobalVariableDefs.obj (SyncSocRegsFile)

DmaClaSrcSelRegsFile 
*          1    00007980    0000001a     UNINITIALIZED
                  00007980    0000001a     F2837xD_GlobalVariableDefs.obj (DmaClaSrcSelRegsFile)

EPwmXbarRegsFile 
*          1    00007a00    00000040     UNINITIALIZED
                  00007a00    00000040     F2837xD_GlobalVariableDefs.obj (EPwmXbarRegsFile)

ClbXbarRegsFile 
*          1    00007a40    00000040     UNINITIALIZED
                  00007a40    00000040     F2837xD_GlobalVariableDefs.obj (ClbXbarRegsFile)

OutputXbarRegsFile 
*          1    00007a80    00000040     UNINITIALIZED
                  00007a80    00000040     F2837xD_GlobalVariableDefs.obj (OutputXbarRegsFile)

GpioCtrlRegsFile 
*          1    00007c00    00000180     UNINITIALIZED
                  00007c00    00000180     F2837xD_GlobalVariableDefs.obj (GpioCtrlRegsFile)

GpioDataRegsFile 
*          1    00007f00    00000030     UNINITIALIZED
                  00007f00    00000030     F2837xD_GlobalVariableDefs.obj (GpioDataRegsFile)

Emif1RegsFile 
*          1    00047000    00000028     UNINITIALIZED
                  00047000    00000028     F2837xD_GlobalVariableDefs.obj (Emif1RegsFile)

Emif2RegsFile 
*          1    00047800    00000028     UNINITIALIZED
                  00047800    00000028     F2837xD_GlobalVariableDefs.obj (Emif2RegsFile)

CanaRegsFile 
*          1    00048000    00000164     UNINITIALIZED
                  00048000    00000164     F2837xD_GlobalVariableDefs.obj (CanaRegsFile)

CanbRegsFile 
*          1    0004a000    00000164     UNINITIALIZED
                  0004a000    00000164     F2837xD_GlobalVariableDefs.obj (CanbRegsFile)

IpcRegsFile 
*          1    00050000    00000024     UNINITIALIZED
                  00050000    00000024     F2837xD_GlobalVariableDefs.obj (IpcRegsFile)

FlashPumpSemaphoreRegsFile 
*          1    00050024    00000002     UNINITIALIZED
                  00050024    00000002     F2837xD_GlobalVariableDefs.obj (FlashPumpSemaphoreRegsFile)

DevCfgRegsFile 
*          1    0005d000    0000012e     UNINITIALIZED
                  0005d000    0000012e     F2837xD_GlobalVariableDefs.obj (DevCfgRegsFile)

AnalogSubsysRegsFile 
*          1    0005d180    0000003e     UNINITIALIZED
                  0005d180    0000003e     F2837xD_GlobalVariableDefs.obj (AnalogSubsysRegsFile)

ClkCfgRegsFile 
*          1    0005d200    00000032     UNINITIALIZED
                  0005d200    00000032     F2837xD_GlobalVariableDefs.obj (ClkCfgRegsFile)

CpuSysRegsFile 
*          1    0005d300    00000082     UNINITIALIZED
                  0005d300    00000082     F2837xD_GlobalVariableDefs.obj (CpuSysRegsFile)

DcsmZ1RegsFile 
*          1    0005f000    00000022     UNINITIALIZED
                  0005f000    00000022     F2837xD_GlobalVariableDefs.obj (DcsmZ1RegsFile)

DcsmZ2RegsFile 
*          1    0005f040    00000022     UNINITIALIZED
                  0005f040    00000022     F2837xD_GlobalVariableDefs.obj (DcsmZ2RegsFile)

DcsmCommonRegsFile 
*          1    0005f070    00000006     UNINITIALIZED
                  0005f070    00000006     F2837xD_GlobalVariableDefs.obj (DcsmCommonRegsFile)

MemCfgRegsFile 
*          1    0005f400    00000076     UNINITIALIZED
                  0005f400    00000076     F2837xD_GlobalVariableDefs.obj (MemCfgRegsFile)

Emif1ConfigRegsFile 
*          1    0005f480    0000000a     UNINITIALIZED
                  0005f480    0000000a     F2837xD_GlobalVariableDefs.obj (Emif1ConfigRegsFile)

Emif2ConfigRegsFile 
*          1    0005f4a0    0000000a     UNINITIALIZED
                  0005f4a0    0000000a     F2837xD_GlobalVariableDefs.obj (Emif2ConfigRegsFile)

AccessProtectionRegsFile 
*          1    0005f4c0    0000002e     UNINITIALIZED
                  0005f4c0    0000002e     F2837xD_GlobalVariableDefs.obj (AccessProtectionRegsFile)

MemoryErrorRegsFile 
*          1    0005f500    0000003a     UNINITIALIZED
                  0005f500    0000003a     F2837xD_GlobalVariableDefs.obj (MemoryErrorRegsFile)

Flash0CtrlRegsFile 
*          1    0005f800    00000182     UNINITIALIZED
                  0005f800    00000182     F2837xD_GlobalVariableDefs.obj (Flash0CtrlRegsFile)

Flash0EccRegsFile 
*          1    0005fb00    00000028     UNINITIALIZED
                  0005fb00    00000028     F2837xD_GlobalVariableDefs.obj (Flash0EccRegsFile)

RomPrefetchRegsFile 
*          1    0005e608    00000002     UNINITIALIZED
                  0005e608    00000002     F2837xD_GlobalVariableDefs.obj (RomPrefetchRegsFile)

RomWaitStateRegsFile 
*          1    0005f540    00000002     UNINITIALIZED
                  0005f540    00000002     F2837xD_GlobalVariableDefs.obj (RomWaitStateRegsFile)

MSGRAM_CPU1_TO_CPU2 
*          1    00000040    00000088     UNINITIALIZED
                  00000040    00000088     ipc.obj (MSGRAM_CPU1_TO_CPU2)

MSGRAM_CPU2_TO_CPU1 
*          1    00000600    00000088     UNINITIALIZED
                  00000600    00000088     ipc.obj (MSGRAM_CPU2_TO_CPU1)

.ebss      1    0000a800    0000010b     UNINITIALIZED
                  0000a800    0000004a     main.obj (.ebss)
                  0000a84a    0000001e     F2837xD_struct.obj (.ebss:_TRIP_SEL)
                  0000a868    00000018     F2837xD_CpuTimers.obj (.ebss)
                  0000a880    0000001a     F2837xD_struct.obj (.ebss:_EPWM)
                  0000a89a    0000000e     F2837xD_struct.obj (.ebss:_ECAP)
                  0000a8a8    0000000a     F2837xD_struct.obj (.ebss:_ADC)
                  0000a8b2    0000000a     main.obj (.ebss:_cap1Count)
                  0000a8bc    00000004     F2837xD_struct.obj (.ebss:_I2C)
                  0000a8c0    0000000a     main.obj (.ebss:_cap2Count)
                  0000a8ca    0000000a     main.obj (.ebss:_cap3Count)
                  0000a8d4    00000008     F2837xD_struct.obj (.ebss:_EQEP)
                  0000a8dc    00000008     F2837xD_struct.obj (.ebss:_SPI)
                  0000a8e4    00000006     F2837xD_TempSensorConv.obj (.ebss)
                  0000a8ea    00000006     F2837xD_struct.obj (.ebss:_SDFM)
                  0000a8f0    00000006     device.obj (.ebss)
                  0000a8f6    00000006     rts2800_fpu32.lib : exit.c.obj (.ebss)
                  0000a8fc    00000004     F2837xD_struct.obj (.ebss:_MCBSP)
                  0000a900    00000004     F2837xD_struct.obj (.ebss:_SCI)
                  0000a904    00000002     rts2800_fpu32.lib : _lock.c.obj (.ebss:__lock)
                  0000a906    00000002                       : _lock.c.obj (.ebss:__unlock)
                  0000a908    00000001     F2837xD_sci_io.obj (.ebss)
                  0000a909    00000001     TEMPERATURE.obj (.ebss)
                  0000a90a    00000001     rts2800_fpu32.lib : errno.c.obj (.ebss)

MODULE SUMMARY

       Module                           code    initialized data   uninitialized data
       ------                           ----    ----------------   ------------------
    .\
       main.obj                         3540    77                 104               
       TEMPERATURE.obj                  1252    4                  1                 
       GATEDRIVER.obj                   662     0                  0                 
       Analog.obj                       352     0                  0                 
       CANSetup.obj                     191     0                  0                 
       Voltage.obj                      130     0                  0                 
    +--+--------------------------------+-------+------------------+--------------------+
       Total:                           6127    81                 105               
                                                                                     
    .\Common\
       sysctl.obj                       1415    0                  0                 
       F2837xD_DefaultISR.obj           1413    0                  0                 
       can.obj                          1021    0                  0                 
       device.obj                       983     15                 6                 
       gpio.obj                         491     0                  0                 
       flash.obj                        425     0                  0                 
       interrupt.obj                    383     0                  0                 
       ipc.obj                          0       0                  272               
       adc.obj                          259     0                  0                 
       F2837xD_struct.obj               0       144                114               
       F2837xD_Ipc_Driver.obj           0       0                  136               
       Current.obj                      124     0                  0                 
       F2837xD_CpuTimers.obj            0       0                  24                
       F2837xD_CodeStartBranch.obj      10      0                  0                 
       F2837xD_usDelay.obj              8       0                  0                 
       F2837xD_TempSensorConv.obj       0       0                  6                 
       F2837xD_sci_io.obj               0       4                  1                 
       F2837xD_DBGIER.obj               3       0                  0                 
    +--+--------------------------------+-------+------------------+--------------------+
       Total:                           6535    163                559               
                                                                                     
    .\Header\
       F2837xD_GlobalVariableDefs.obj   0       0                  9406              
    +--+--------------------------------+-------+------------------+--------------------+
       Total:                           0       0                  9406              
                                                                                     
    C:\ti\ccs1200\ccs\tools\compiler\ti-cgt-c2000_22.6.0.LTS\lib\rts2800_fpu32.lib
       e_logf.c.obj                     299     16                 0                 
       e_expf.c.obj                     273     28                 0                 
       fs_div28.asm.obj                 136     0                  0                 
       s_sinf.c.obj                     102     0                  0                 
       boot28.asm.obj                   86      0                  0                 
       exit.c.obj                       41      14                 6                 
       cpy_tbl.c.obj                    36      0                  0                 
       memcpy.c.obj                     29      0                  0                 
       ll_aox28.asm.obj                 24      0                  0                 
       _lock.c.obj                      9       10                 4                 
       args_main.c.obj                  18      0                  0                 
       errno.c.obj                      0       4                  1                 
       pre_init.c.obj                   2       0                  0                 
       startup.c.obj                    1       0                  0                 
    +--+--------------------------------+-------+------------------+--------------------+
       Total:                           1056    72                 11                
                                                                                     
       Stack:                           0       0                  512               
    +--+--------------------------------+-------+------------------+--------------------+
       Grand Total:                     13718   316                10593             


LINKER GENERATED MEMRANGE CRC TABLES

_ccs_flash_checksum @ 00000000 records: 16, size/record: 6, table size: 102, algorithm=C28_CHECKSUM_16(ID=13), CRC: 00004546
	BEGIN: page=0, load addr=00080000, size=00000002
	FLASHA: page=0, load addr=00080002, size=00001ffe
	FLASHB: page=0, load addr=00082000, size=00002000
	FLASHC: page=0, load addr=00084000, size=00002000
	FLASHD: page=0, load addr=00086000, size=00002000
	FLASHE: page=0, load addr=00088000, size=00008000
	FLASHF: page=0, load addr=00090000, size=00008000
	FLASHG: page=0, load addr=00098000, size=00008000
	FLASHH: page=0, load addr=000a0000, size=00008000
	FLASHI: page=0, load addr=000a8000, size=00008000
	FLASHJ: page=0, load addr=000b0000, size=00008000
	FLASHK: page=0, load addr=000b8000, size=00002000
	FLASHL: page=0, load addr=000ba000, size=00002000
	FLASHM: page=0, load addr=000bc000, size=00002000
	FLASHN: page=0, load addr=000be000, size=00001ff0
	FLASHN_DO_NOT_USE: page=0, load addr=000bfff0, size=00000010


GLOBAL DATA SYMBOLS: SORTED BY DATA PAGE

address     data page           name
--------    ----------------    ----
00000040       1 (00000040)     _IPC_CPU1_To_CPU2_PutBuffer

00000400      10 (00000400)     __stack

00000600      18 (00000600)     _IPC_CPU1_To_CPU2_GetBuffer

00000b00      2c (00000b00)     _AdcaResultRegs
00000b20      2c (00000b00)     _AdcbResultRegs

00000b40      2d (00000b40)     _AdccResultRegs
00000b60      2d (00000b40)     _AdcdResultRegs

00000c00      30 (00000c00)     _CpuTimer0Regs
00000c08      30 (00000c00)     _CpuTimer1Regs
00000c10      30 (00000c00)     _CpuTimer2Regs

00000ce0      33 (00000cc0)     _PieCtrlRegs

00000d00      34 (00000d00)     _PieVectTable

00001000      40 (00001000)     _DmaRegs

00001400      50 (00001400)     _Cla1Regs

00003000      c0 (00003000)     _Clb1LogicCfgRegs

00003100      c4 (00003100)     _Clb1LogicCtrlRegs

00003200      c8 (00003200)     _Clb1DataExchRegs

00003400      d0 (00003400)     _Clb2LogicCfgRegs

00003500      d4 (00003500)     _Clb2LogicCtrlRegs

00003600      d8 (00003600)     _Clb2DataExchRegs

00003800      e0 (00003800)     _Clb3LogicCfgRegs

00003900      e4 (00003900)     _Clb3LogicCtrlRegs

00003a00      e8 (00003a00)     _Clb3DataExchRegs

00003c00      f0 (00003c00)     _Clb4LogicCfgRegs

00003d00      f4 (00003d00)     _Clb4LogicCtrlRegs

00003e00      f8 (00003e00)     _Clb4DataExchRegs

00004000     100 (00004000)     _EPwm1Regs

00004100     104 (00004100)     _EPwm2Regs

00004200     108 (00004200)     _EPwm3Regs

00004300     10c (00004300)     _EPwm4Regs

00004400     110 (00004400)     _EPwm5Regs

00004500     114 (00004500)     _EPwm6Regs

00004600     118 (00004600)     _EPwm7Regs

00004700     11c (00004700)     _EPwm8Regs

00004800     120 (00004800)     _EPwm9Regs

00004900     124 (00004900)     _EPwm10Regs

00004a00     128 (00004a00)     _EPwm11Regs

00004b00     12c (00004b00)     _EPwm12Regs

00005000     140 (00005000)     _ECap1Regs
00005020     140 (00005000)     _ECap2Regs

00005040     141 (00005040)     _ECap3Regs
00005060     141 (00005040)     _ECap4Regs

00005080     142 (00005080)     _ECap5Regs
000050a0     142 (00005080)     _ECap6Regs

00005100     144 (00005100)     _EQep1Regs

00005140     145 (00005140)     _EQep2Regs

00005180     146 (00005180)     _EQep3Regs

00005c00     170 (00005c00)     _DacaRegs
00005c10     170 (00005c00)     _DacbRegs
00005c20     170 (00005c00)     _DaccRegs

00005c80     172 (00005c80)     _Cmpss1Regs
00005ca0     172 (00005c80)     _Cmpss2Regs

00005cc0     173 (00005cc0)     _Cmpss3Regs
00005ce0     173 (00005cc0)     _Cmpss4Regs

00005d00     174 (00005d00)     _Cmpss5Regs
00005d20     174 (00005d00)     _Cmpss6Regs

00005d40     175 (00005d40)     _Cmpss7Regs
00005d60     175 (00005d40)     _Cmpss8Regs

00005e00     178 (00005e00)     _Sdfm1Regs

00005e80     17a (00005e80)     _Sdfm2Regs

00006000     180 (00006000)     _McbspaRegs

00006040     181 (00006040)     _McbspbRegs

00006100     184 (00006100)     _SpiaRegs
00006110     184 (00006100)     _SpibRegs
00006120     184 (00006100)     _SpicRegs

00006200     188 (00006200)     _UppRegs

00007000     1c0 (00007000)     _WdRegs

00007060     1c1 (00007040)     _NmiIntruptRegs
00007070     1c1 (00007040)     _XintRegs

00007200     1c8 (00007200)     _SciaRegs
00007210     1c8 (00007200)     _ScibRegs
00007220     1c8 (00007200)     _ScicRegs
00007230     1c8 (00007200)     _ScidRegs

00007300     1cc (00007300)     _I2caRegs

00007340     1cd (00007340)     _I2cbRegs

00007400     1d0 (00007400)     _AdcaRegs

00007480     1d2 (00007480)     _AdcbRegs

00007500     1d4 (00007500)     _AdccRegs

00007580     1d6 (00007580)     _AdcdRegs

00007900     1e4 (00007900)     _InputXbarRegs
00007920     1e4 (00007900)     _XbarRegs

00007940     1e5 (00007940)     _SyncSocRegs

00007980     1e6 (00007980)     _DmaClaSrcSelRegs

00007a00     1e8 (00007a00)     _EPwmXbarRegs

00007a40     1e9 (00007a40)     _ClbXbarRegs

00007a80     1ea (00007a80)     _OutputXbarRegs

00007c00     1f0 (00007c00)     _GpioCtrlRegs

00007f00     1fc (00007f00)     _GpioDataRegs

0000a800     2a0 (0000a800)     _cap1index
0000a801     2a0 (0000a800)     _cap2index
0000a802     2a0 (0000a800)     _cap3index
0000a803     2a0 (0000a800)     _FS
0000a804     2a0 (0000a800)     _FF
0000a805     2a0 (0000a800)     _ID
0000a806     2a0 (0000a800)     _TD
0000a807     2a0 (0000a800)     _PSEN1
0000a808     2a0 (0000a800)     _PSEN2
0000a809     2a0 (0000a800)     _PSEN3
0000a80a     2a0 (0000a800)     _LEN1
0000a80b     2a0 (0000a800)     _LEN2
0000a80c     2a0 (0000a800)     _LEN3
0000a80d     2a0 (0000a800)     _FAULT1
0000a80e     2a0 (0000a800)     _FAULT2
0000a80f     2a0 (0000a800)     _FAULT3
0000a810     2a0 (0000a800)     _RESET
0000a811     2a0 (0000a800)     _FUND_FREQ
0000a812     2a0 (0000a800)     _EPwm_TBPRD
0000a813     2a0 (0000a800)     _SWITCHING_FREQ
0000a814     2a0 (0000a800)     _DEAD_TIME
0000a815     2a0 (0000a800)     _rampFreq
0000a816     2a0 (0000a800)     _delay_count
0000a817     2a0 (0000a800)     _delay_count_max
0000a818     2a0 (0000a800)     _final_freq
0000a81a     2a0 (0000a800)     _DUTY
0000a81c     2a0 (0000a800)     _MF
0000a81e     2a0 (0000a800)     _Sine
0000a820     2a0 (0000a800)     _Ts
0000a822     2a0 (0000a800)     _radian
0000a824     2a0 (0000a800)     _epwmLEDInfo
0000a82a     2a0 (0000a800)     _epwm1Info
0000a834     2a0 (0000a800)     _epwm2Info

0000a840     2a1 (0000a840)     _epwm3Info
0000a84a     2a1 (0000a840)     _TRIP_SEL
0000a868     2a1 (0000a840)     _CpuTimer0
0000a870     2a1 (0000a840)     _CpuTimer1
0000a878     2a1 (0000a840)     _CpuTimer2

0000a880     2a2 (0000a880)     _EPWM
0000a89a     2a2 (0000a880)     _ECAP
0000a8a8     2a2 (0000a880)     _ADC
0000a8b2     2a2 (0000a880)     _cap1Count
0000a8bc     2a2 (0000a880)     _I2C

0000a8c0     2a3 (0000a8c0)     _cap2Count
0000a8ca     2a3 (0000a8c0)     _cap3Count
0000a8d4     2a3 (0000a8c0)     _EQEP
0000a8dc     2a3 (0000a8c0)     _SPI
0000a8e4     2a3 (0000a8c0)     _tempSensor_tempSlope
0000a8e6     2a3 (0000a8c0)     _tempSensor_tempOffset
0000a8e8     2a3 (0000a8c0)     _tempSensor_scaleFactor
0000a8ea     2a3 (0000a8c0)     _SDFM
0000a8f0     2a3 (0000a8c0)     _Example_Result
0000a8f2     2a3 (0000a8c0)     _Example_PassCount
0000a8f4     2a3 (0000a8c0)     _Example_Fail
0000a8f6     2a3 (0000a8c0)     ___TI_enable_exit_profile_output
0000a8f8     2a3 (0000a8c0)     ___TI_cleanup_ptr
0000a8fa     2a3 (0000a8c0)     ___TI_dtors_ptr
0000a8fc     2a3 (0000a8c0)     _MCBSP

0000a900     2a4 (0000a900)     _SCI
0000a904     2a4 (0000a900)     __lock
0000a906     2a4 (0000a900)     __unlock
0000a908     2a4 (0000a900)     _deviceOpen
0000a909     2a4 (0000a900)     _beta
0000a90a     2a4 (0000a900)     _errno

0003f800     fe0 (0003f800)     _g_asIPCCPU2toCPU1Buffers

0003f880     fe2 (0003f880)     _g_usGetWriteIndexes
0003f884     fe2 (0003f880)     _g_usPutReadIndexes

0003fc00     ff0 (0003fc00)     _g_asIPCCPU1toCPU2Buffers

0003fc80     ff2 (0003fc80)     _g_usPutWriteIndexes
0003fc84     ff2 (0003fc80)     _g_usGetReadIndexes

00047000    11c0 (00047000)     _Emif1Regs

00047800    11e0 (00047800)     _Emif2Regs

00048000    1200 (00048000)     _CanaRegs

0004a000    1280 (0004a000)     _CanbRegs

00050000    1400 (00050000)     _IpcRegs
00050024    1400 (00050000)     _FlashPumpSemaphoreRegs

0005d000    1740 (0005d000)     _DevCfgRegs

0005d180    1746 (0005d180)     _AnalogSubsysRegs

0005d200    1748 (0005d200)     _ClkCfgRegs

0005d300    174c (0005d300)     _CpuSysRegs

0005e608    1798 (0005e600)     _RomPrefetchRegs

0005f000    17c0 (0005f000)     _DcsmZ1Regs

0005f040    17c1 (0005f040)     _DcsmZ2Regs
0005f070    17c1 (0005f040)     _DcsmCommonRegs

0005f400    17d0 (0005f400)     _MemCfgRegs

0005f480    17d2 (0005f480)     _Emif1ConfigRegs
0005f4a0    17d2 (0005f480)     _Emif2ConfigRegs

0005f4c0    17d3 (0005f4c0)     _AccessProtectionRegs

0005f500    17d4 (0005f500)     _MemoryErrorRegs

0005f540    17d5 (0005f540)     _RomWaitStateRegs

0005f800    17e0 (0005f800)     _Flash0CtrlRegs

0005fb00    17ec (0005fb00)     _Flash0EccRegs


GLOBAL SYMBOLS: SORTED ALPHABETICALLY BY Name 

page  address   name                                      
----  -------   ----                                      
abs   ffffffff  .text                                     
0     00085444  C$$EXIT                                   
0     0008527e  FS$$DIV                                   
0     000854ae  LL$$AND                                   
0     000854b6  LL$$OR                                    
0     000854be  LL$$XOR                                   
1     0000a8a8  _ADC                                      
0     00082dc4  _ADCA1_ISR                                
0     00083044  _ADCA2_ISR                                
0     0008304e  _ADCA3_ISR                                
0     00083058  _ADCA4_ISR                                
0     0008303a  _ADCA_EVT_ISR                             
0     00082dce  _ADCB1_ISR                                
0     0008306c  _ADCB2_ISR                                
0     00083076  _ADCB3_ISR                                
0     00083080  _ADCB4_ISR                                
0     00083062  _ADCB_EVT_ISR                             
0     00082dd8  _ADCC1_ISR                                
0     000831d4  _ADCC2_ISR                                
0     000831de  _ADCC3_ISR                                
0     000831e8  _ADCC4_ISR                                
0     000831ca  _ADCC_EVT_ISR                             
0     00082df6  _ADCD1_ISR                                
0     000831fc  _ADCD2_ISR                                
0     00083206  _ADCD3_ISR                                
0     00083210  _ADCD4_ISR                                
0     000831f2  _ADCD_EVT_ISR                             
0     000850d0  _ADC_setINLTrim                           
0     000850bc  _ADC_setMode                              
0     00085136  _ADC_setOffsetTrim                        
0     0008518d  _ADC_setPPBTripLimits                     
0     0008324c  _AUX_PLL_SLIP_ISR                         
1     0005f4c0  _AccessProtectionRegs                     
1     00007400  _AdcaRegs                                 
1     00000b00  _AdcaResultRegs                           
1     00007480  _AdcbRegs                                 
1     00000b20  _AdcbResultRegs                           
1     00007500  _AdccRegs                                 
1     00000b40  _AdccResultRegs                           
1     00007580  _AdcdRegs                                 
1     00000b60  _AdcdResultRegs                           
1     0005d180  _AnalogSubsysRegs                         
0     00083012  _CANA0_ISR                                
0     0008301c  _CANA1_ISR                                
0     00083026  _CANB0_ISR                                
0     00083030  _CANB1_ISR                                
0     00082ab6  _CANPacketDecode                          
0     00082a59  _CANPacketEncode                          
0     000840d4  _CAN_clearInterruptStatus                 
0     0008438c  _CAN_clearMessage                         
0     000843d0  _CAN_disableAllMessageObjects             
0     000843ae  _CAN_disableMessageObject                 
0     00084045  _CAN_initModule                           
0     000842c0  _CAN_readMessage                          
0     00084312  _CAN_readMessageWithID                    
0     000841ba  _CAN_sendMessage                          
0     00084201  _CAN_sendMessage_updateDLC                
0     0008428c  _CAN_sendRemoteRequestMessage             
0     00084058  _CAN_setBitRate                           
0     0008409c  _CAN_setBitTiming                         
0     00084102  _CAN_setupMessageObject                   
0     00084346  _CAN_transferMessage                      
0     0008308a  _CLA1_1_ISR                               
0     00083094  _CLA1_2_ISR                               
0     0008309e  _CLA1_3_ISR                               
0     000830a8  _CLA1_4_ISR                               
0     000830b2  _CLA1_5_ISR                               
0     000830bc  _CLA1_6_ISR                               
0     000830c6  _CLA1_7_ISR                               
0     000830d0  _CLA1_8_ISR                               
0     00083256  _CLA_OVERFLOW_ISR                         
0     00083260  _CLA_UNDERFLOW_ISR                        
1     00048000  _CanaRegs                                 
1     0004a000  _CanbRegs                                 
1     00001400  _Cla1Regs                                 
1     00003200  _Clb1DataExchRegs                         
1     00003000  _Clb1LogicCfgRegs                         
1     00003100  _Clb1LogicCtrlRegs                        
1     00003600  _Clb2DataExchRegs                         
1     00003400  _Clb2LogicCfgRegs                         
1     00003500  _Clb2LogicCtrlRegs                        
1     00003a00  _Clb3DataExchRegs                         
1     00003800  _Clb3LogicCfgRegs                         
1     00003900  _Clb3LogicCtrlRegs                        
1     00003e00  _Clb4DataExchRegs                         
1     00003c00  _Clb4LogicCfgRegs                         
1     00003d00  _Clb4LogicCtrlRegs                        
1     00007a40  _ClbXbarRegs                              
1     0005d200  _ClkCfgRegs                               
1     00005c80  _Cmpss1Regs                               
1     00005ca0  _Cmpss2Regs                               
1     00005cc0  _Cmpss3Regs                               
1     00005ce0  _Cmpss4Regs                               
1     00005d00  _Cmpss5Regs                               
1     00005d20  _Cmpss6Regs                               
1     00005d40  _Cmpss7Regs                               
1     00005d60  _Cmpss8Regs                               
1     0005d300  _CpuSysRegs                               
1     0000a868  _CpuTimer0                                
1     00000c00  _CpuTimer0Regs                            
1     0000a870  _CpuTimer1                                
1     00000c08  _CpuTimer1Regs                            
1     0000a878  _CpuTimer2                                
1     00000c10  _CpuTimer2Regs                            
0     00082d1a  _DATALOG_ISR                              
1     0000a814  _DEAD_TIME                                
0     00082f5e  _DMA_CH1_ISR                              
0     00082f68  _DMA_CH2_ISR                              
0     00082f72  _DMA_CH3_ISR                              
0     00082f7c  _DMA_CH4_ISR                              
0     00082f86  _DMA_CH5_ISR                              
0     00082f90  _DMA_CH6_ISR                              
1     0000a81a  _DUTY                                     
1     00005c00  _DacaRegs                                 
1     00005c10  _DacbRegs                                 
1     00005c20  _DaccRegs                                 
1     0005f070  _DcsmCommonRegs                           
1     0005f000  _DcsmZ1Regs                               
1     0005f040  _DcsmZ2Regs                               
1     0005d000  _DevCfgRegs                               
0     00084648  _Device_bootCPU2                          
0     00084617  _Device_configureTMXAnalogTrim            
0     000844c5  _Device_enableAllPeripherals              
0     00084601  _Device_enableUnbondedGPIOPullups         
0     000845e4  _Device_enableUnbondedGPIOPullupsFor100Pin
0     000845d1  _Device_enableUnbondedGPIOPullupsFor176Pin
0     00084494  _Device_init                              
0     000845b0  _Device_initGPIO                          
1     00007980  _DmaClaSrcSelRegs                         
1     00001000  _DmaRegs                                  
1     0000a89a  _ECAP                                     
0     00082eb4  _ECAP1_ISR                                
0     00082ebe  _ECAP2_ISR                                
0     00082ec8  _ECAP3_ISR                                
0     00082ed2  _ECAP4_ISR                                
0     00082edc  _ECAP5_ISR                                
0     00082ee6  _ECAP6_ISR                                
1     00005000  _ECap1Regs                                
1     00005020  _ECap2Regs                                
1     00005040  _ECap3Regs                                
1     00005060  _ECap4Regs                                
1     00005080  _ECap5Regs                                
1     000050a0  _ECap6Regs                                
0     0008321a  _EMIF_ERROR_ISR                           
0     00083274  _EMPTY_ISR                                
0     00082d2e  _EMU_ISR                                  
1     0000a880  _EPWM                                     
0     00083170  _EPWM10_ISR                               
0     00083148  _EPWM10_TZ_ISR                            
0     0008317a  _EPWM11_ISR                               
0     00083152  _EPWM11_TZ_ISR                            
0     00083184  _EPWM12_ISR                               
0     0008315c  _EPWM12_TZ_ISR                            
0     00082e64  _EPWM1_ISR                                
0     00082e14  _EPWM1_TZ_ISR                             
0     00082e6e  _EPWM2_ISR                                
0     00082e1e  _EPWM2_TZ_ISR                             
0     00082e78  _EPWM3_ISR                                
0     00082e28  _EPWM3_TZ_ISR                             
0     00082e82  _EPWM4_ISR                                
0     00082e32  _EPWM4_TZ_ISR                             
0     00082e8c  _EPWM5_ISR                                
0     00082e3c  _EPWM5_TZ_ISR                             
0     00082e96  _EPWM6_ISR                                
0     00082e46  _EPWM6_TZ_ISR                             
0     00082ea0  _EPWM7_ISR                                
0     00082e50  _EPWM7_TZ_ISR                             
0     00082eaa  _EPWM8_ISR                                
0     00082e5a  _EPWM8_TZ_ISR                             
0     00083166  _EPWM9_ISR                                
0     0008313e  _EPWM9_TZ_ISR                             
1     00004900  _EPwm10Regs                               
1     00004a00  _EPwm11Regs                               
1     00004b00  _EPwm12Regs                               
1     00004000  _EPwm1Regs                                
1     00004100  _EPwm2Regs                                
1     00004200  _EPwm3Regs                                
1     00004300  _EPwm4Regs                                
1     00004400  _EPwm5Regs                                
1     00004500  _EPwm6Regs                                
1     00004600  _EPwm7Regs                                
1     00004700  _EPwm8Regs                                
1     00004800  _EPwm9Regs                                
1     00007a00  _EPwmXbarRegs                             
1     0000a812  _EPwm_TBPRD                               
1     0000a8d4  _EQEP                                     
0     00082ef0  _EQEP1_ISR                                
0     00082efa  _EQEP2_ISR                                
0     00082f04  _EQEP3_ISR                                
1     00005100  _EQep1Regs                                
1     00005140  _EQep2Regs                                
1     00005180  _EQep3Regs                                
1     0005f480  _Emif1ConfigRegs                          
1     00047000  _Emif1Regs                                
1     0005f4a0  _Emif2ConfigRegs                          
1     00047800  _Emif2Regs                                
1     0000a8f4  _Example_Fail                             
1     0000a8f2  _Example_PassCount                        
1     0000a8f0  _Example_Result                           
0     000847d3  _Example_done                             
0     000847ce  _Example_setResultFail                    
0     000847c9  _Example_setResultPass                    
0     000080cb  _F28x_usDelay                             
1     0000a80d  _FAULT1                                   
1     0000a80e  _FAULT2                                   
1     0000a80f  _FAULT3                                   
1     0000a804  _FF                                       
0     0008322e  _FLASH_CORRECTABLE_ERROR_ISR              
0     00083102  _FPU_OVERFLOW_ISR                         
0     0008310c  _FPU_UNDERFLOW_ISR                        
1     0000a803  _FS                                       
1     0000a811  _FUND_FREQ                                
1     0005f800  _Flash0CtrlRegs                           
1     0005fb00  _Flash0EccRegs                            
1     00050024  _FlashPumpSemaphoreRegs                   
0     00008088  _Flash_initModule                         
0     000080af  _Flash_powerDown                          
0     000080bf  _Flash_wakeFromLPM                        
0     00083f36  _GD_ALL_LogicDisable                      
0     00083f2f  _GD_ALL_LogicEnable                       
0     00083f44  _GD_ALL_OCDisable                         
0     00083f3d  _GD_ALL_OCEnable                          
0     00083f28  _GD_ALL_PSDisable                         
0     00083f21  _GD_ALL_PSEnable                          
0     00083f4b  _GD_ALL_Reset                             
0     00083ea9  _GD_A_LogicDisable                        
0     00083ea1  _GD_A_LogicEnable                         
0     00083eb9  _GD_A_OCDisable                           
0     00083eb1  _GD_A_OCEnable                            
0     00083e99  _GD_A_PSDisable                           
0     00083e91  _GD_A_PSEnable                            
0     00083f54  _GD_A_getFault                            
0     00083ed9  _GD_B_LogicDisable                        
0     00083ed1  _GD_B_LogicEnable                         
0     00083ee9  _GD_B_OCDisable                           
0     00083ee1  _GD_B_OCEnable                            
0     00083ec9  _GD_B_PSDisable                           
0     00083ec1  _GD_B_PSEnable                            
0     00083f60  _GD_B_getFault                            
0     00083f09  _GD_C_LogicDisable                        
0     00083f01  _GD_C_LogicEnable                         
0     00083f19  _GD_C_OCDisable                           
0     00083f11  _GD_C_OCEnable                            
0     00083ef9  _GD_C_PSDisable                           
0     00083ef1  _GD_C_PSEnable                            
0     00083f6c  _GD_C_getFault                            
0     00083f78  _GD_Global_getFault                       
0     00084808  _GPIO_getDirectionMode                    
0     00084891  _GPIO_getPadConfig                        
0     000848f1  _GPIO_getQualificationMode                
0     00084960  _GPIO_setAnalogMode                       
0     000847e1  _GPIO_setDirectionMode                    
0     0008481e  _GPIO_setInterruptPin                     
0     00084934  _GPIO_setMasterCore                       
0     00084849  _GPIO_setPadConfig                        
0     00084988  _GPIO_setPinConfig                        
0     000848c5  _GPIO_setQualificationMode                
0     00084912  _GPIO_setQualificationPeriod              
1     00007c00  _GpioCtrlRegs                             
1     00007f00  _GpioDataRegs                             
1     0000a8bc  _I2C                                      
0     00082fa4  _I2CA_FIFO_ISR                            
0     00082f9a  _I2CA_ISR                                 
0     00082fb8  _I2CB_FIFO_ISR                            
0     00082fae  _I2CB_ISR                                 
1     00007300  _I2caRegs                                 
1     00007340  _I2cbRegs                                 
1     0000a805  _ID                                       
0     00082d42  _ILLEGAL_ISR                              
0     00083116  _IPC0_ISR                                 
0     00083120  _IPC1_ISR                                 
0     0008312a  _IPC2_ISR                                 
0     00083134  _IPC3_ISR                                 
1     00000600  _IPC_CPU1_To_CPU2_GetBuffer               
1     00000040  _IPC_CPU1_To_CPU2_PutBuffer               
1     00007900  _InputXbarRegs                            
0     00084cd5  _Interrupt_disable                        
0     00084ca1  _Interrupt_enable                         
0     00084c46  _Interrupt_initModule                     
0     00084c83  _Interrupt_initVectorTable                
1     00050000  _IpcRegs                                  
1     0000a80a  _LEN1                                     
1     0000a80b  _LEN2                                     
1     0000a80c  _LEN3                                     
1     0000a8fc  _MCBSP                                    
0     00082f36  _MCBSPA_RX_ISR                            
0     00082f40  _MCBSPA_TX_ISR                            
0     00082f4a  _MCBSPB_RX_ISR                            
0     00082f54  _MCBSPB_TX_ISR                            
1     0000a81c  _MF                                       
1     00006000  _McbspaRegs                               
1     00006040  _McbspbRegs                               
1     0005f400  _MemCfgRegs                               
1     0005f500  _MemoryErrorRegs                          
0     00082d38  _NMI_ISR                                  
0     00083281  _NOTUSED_ISR                              
1     00007060  _NmiIntruptRegs                           
1     00007a80  _OutputXbarRegs                           
0     0008326a  _PIE_RESERVED_ISR                         
1     0000a807  _PSEN1                                    
1     0000a808  _PSEN2                                    
1     0000a809  _PSEN3                                    
1     00000ce0  _PieCtrlRegs                              
0     00000d00  _PieVectTable                             
0     00083238  _RAM_ACCESS_VIOLATION_ISR                 
0     00083224  _RAM_CORRECTABLE_ERROR_ISR                
1     0000a810  _RESET                                    
0     00082d24  _RTOS_ISR                                 
0     000860d3  _RamfuncsLoadEnd                          
abs   000000d3  _RamfuncsLoadSize                         
0     00086000  _RamfuncsLoadStart                        
0     000080d3  _RamfuncsRunEnd                           
abs   000000d3  _RamfuncsRunSize                          
0     00008000  _RamfuncsRunStart                         
1     0005e608  _RomPrefetchRegs                          
1     0005f540  _RomWaitStateRegs                         
1     0000a900  _SCI                                      
0     00082fea  _SCIA_RX_ISR                              
0     00082ff4  _SCIA_TX_ISR                              
0     00082ffe  _SCIB_RX_ISR                              
0     00083008  _SCIB_TX_ISR                              
0     00082fc2  _SCIC_RX_ISR                              
0     00082fcc  _SCIC_TX_ISR                              
0     00082fd6  _SCID_RX_ISR                              
0     00082fe0  _SCID_TX_ISR                              
0     0008318e  _SD1_ISR                                  
0     00083198  _SD2_ISR                                  
1     0000a8ea  _SDFM                                     
1     0000a8dc  _SPI                                      
0     00082f0e  _SPIA_RX_ISR                              
0     00082f18  _SPIA_TX_ISR                              
0     00082f22  _SPIB_RX_ISR                              
0     00082f2c  _SPIB_TX_ISR                              
0     000831a2  _SPIC_RX_ISR                              
0     000831ac  _SPIC_TX_ISR                              
1     0000a813  _SWITCHING_FREQ                           
0     00083242  _SYS_PLL_SLIP_ISR                         
1     00007200  _SciaRegs                                 
1     00007210  _ScibRegs                                 
1     00007220  _ScicRegs                                 
1     00007230  _ScidRegs                                 
1     00005e00  _Sdfm1Regs                                
1     00005e80  _Sdfm2Regs                                
0     000854fc  _SetDBGIER                                
1     0000a81e  _Sine                                     
1     00006100  _SpiaRegs                                 
1     00006110  _SpibRegs                                 
1     00006120  _SpicRegs                                 
1     00007940  _SyncSocRegs                              
0     000080cf  _SysCtl_delay                             
0     00083371  _SysCtl_getAuxClock                       
0     00083320  _SysCtl_getClock                          
0     000837a2  _SysCtl_getDeviceParametric               
0     00083788  _SysCtl_getLowSpeedClock                  
0     00083723  _SysCtl_selectOscSource                   
0     00083759  _SysCtl_selectOscSourceAuxPLL             
0     000836bf  _SysCtl_selectXTAL                        
0     000835ac  _SysCtl_setAuxClock                       
0     000833b2  _SysCtl_setClock                          
1     0000a806  _TD                                       
0     00082e00  _TIMER0_ISR                               
0     00082d06  _TIMER1_ISR                               
0     00082d10  _TIMER2_ISR                               
1     0000a84a  _TRIP_SEL                                 
0     00082b81  _TestLEDPulse                             
0     00082bee  _TestLEDS                                 
1     0000a820  _Ts                                       
0     000831b6  _UPPA_ISR                                 
0     000831c0  _USBA_ISR                                 
0     00082da6  _USER10_ISR                               
0     00082db0  _USER11_ISR                               
0     00082dba  _USER12_ISR                               
0     00082d4c  _USER1_ISR                                
0     00082d56  _USER2_ISR                                
0     00082d60  _USER3_ISR                                
0     00082d6a  _USER4_ISR                                
0     00082d74  _USER5_ISR                                
0     00082d7e  _USER6_ISR                                
0     00082d88  _USER7_ISR                                
0     00082d92  _USER8_ISR                                
0     00082d9c  _USER9_ISR                                
1     00006200  _UppRegs                                  
0     000830f8  _VCU_ISR                                  
0     00082e0a  _WAKE_ISR                                 
1     00007000  _WdRegs                                   
0     00082de2  _XINT1_ISR                                
0     00082dec  _XINT2_ISR                                
0     000830da  _XINT3_ISR                                
0     000830e4  _XINT4_ISR                                
0     000830ee  _XINT5_ISR                                
1     00007920  _XbarRegs                                 
1     00007070  _XintRegs                                 
1     00000600  __STACK_END                               
abs   00000200  __STACK_SIZE                              
0     00000000  __TI_MEMRANGE_CRC__ccs_flash_checksum     
1     0000a8f8  ___TI_cleanup_ptr                         
1     0000a8fa  ___TI_dtors_ptr                           
1     0000a8f6  ___TI_enable_exit_profile_output          
abs   ffffffff  ___TI_pprof_out_hndl                      
abs   ffffffff  ___TI_prof_data_size                      
abs   ffffffff  ___TI_prof_data_start                     
abs   ffffffff  ___binit__                                
abs   ffffffff  ___c_args__                               
0     00082000  ___cinit__                                
0     000847c2  ___error__                                
abs   ffffffff  ___etext__                                
abs   ffffffff  ___pinit__                                
abs   ffffffff  ___text__                                 
0     000854d9  __args_main                               
1     0000a904  __lock                                    
0     000854f3  __nop                                     
0     000854ef  __register_lock                           
0     000854eb  __register_unlock                         
1     00000400  __stack                                   
0     00085501  __system_post_cinit                       
0     000854ff  __system_pre_init                         
1     0000a906  __unlock                                  
0     00085444  _abort                                    
1     0000a909  _beta                                     
0     000853ee  _c_int00                                  
1     0000a8b2  _cap1Count                                
1     0000a800  _cap1index                                
1     0000a8c0  _cap2Count                                
1     0000a801  _cap2index                                
1     0000a8ca  _cap3Count                                
1     0000a802  _cap3index                                
0     00000000  _ccs_flash_checksum                       
0     0008546d  _copy_in                                  
1     0000a816  _delay_count                              
1     0000a817  _delay_count_max                          
1     0000a908  _deviceOpen                               
0     00082c16  _disableNeg15V                            
0     00082c1e  _disablePos15V                            
0     00084abd  _ecap1ISR                                 
0     00084b09  _ecap2ISR                                 
0     00084b55  _ecap3ISR                                 
0     00082c06  _enableNeg15V                             
0     00082c0e  _enablePos15V                             
0     000849bf  _epwm1ISR                                 
1     0000a82a  _epwm1Info                                
0     000849fd  _epwm1TZISR                               
1     0000a834  _epwm2Info                                
0     00084a2b  _epwm2TZISR                               
1     0000a840  _epwm3Info                                
0     00084a59  _epwm3TZISR                               
0     00084a87  _epwm6ISR                                 
1     0000a824  _epwmLEDInfo                              
1     0000a90a  _errno                                    
0     00085446  _exit                                     
0     00084fab  _exp                                      
0     00084fab  _expf                                     
1     0000a818  _final_freq                               
1     0003fc00  _g_asIPCCPU1toCPU2Buffers                 
0     0003f800  _g_asIPCCPU2toCPU1Buffers                 
1     0003fc84  _g_usGetReadIndexes                       
0     0003f880  _g_usGetWriteIndexes                      
0     0003f884  _g_usPutReadIndexes                       
1     0003fc80  _g_usPutWriteIndexes                      
0     00083c67  _getAnalogNTCA                            
0     00083c94  _getAnalogNTCB                            
0     00083cc1  _getAnalogNTCC                            
0     00083b92  _getAnalogTempA                           
0     00083bd9  _getAnalogTempB                           
0     00083c20  _getAnalogTempC                           
0     00083b58  _getCaseTemp                              
0     00083f8c  _getCurrentA                              
0     00083fa9  _getCurrentB                              
0     00083fc6  _getCurrentC                              
0     00083fe3  _getCurrentEXT                            
0     00083ae6  _getECAPNTCA                              
0     00083b0c  _getECAPNTCB                              
0     00083b32  _getECAPNTCC                              
0     000839e4  _getECAPTempA                             
0     00083a3a  _getECAPTempB                             
0     00083a90  _getECAPTempC                             
[...]
0     00083281  _NOTUSED_ISR                              
0     00083320  _SysCtl_getClock                          
0     00083371  _SysCtl_getAuxClock                       
0     000833b2  _SysCtl_setClock                          
0     000835ac  _SysCtl_setAuxClock                       
0     000836bf  _SysCtl_selectXTAL                        
0     00083723  _SysCtl_selectOscSource                   
0     00083759  _SysCtl_selectOscSourceAuxPLL             
0     00083788  _SysCtl_getLowSpeedClock                  
0     000837a2  _SysCtl_getDeviceParametric               
0     000838c7  _initECAP1                                
0     00083926  _initECAP2                                
0     00083985  _initECAP3                                
0     000839e4  _getECAPTempA                             
0     00083a3a  _getECAPTempB                             
0     00083a90  _getECAPTempC                             
0     00083ae6  _getECAPNTCA                              
0     00083b0c  _getECAPNTCB                              
0     00083b32  _getECAPNTCC                              
0     00083b58  _getCaseTemp                              
0     00083b92  _getAnalogTempA                           
0     00083bd9  _getAnalogTempB                           
0     00083c20  _getAnalogTempC                           
0     00083c67  _getAnalogNTCA                            
0     00083c94  _getAnalogNTCB                            
0     00083cc1  _getAnalogNTCC                            
0     00083d2f  _initGateDriverGPIO                       
0     00083e91  _GD_A_PSEnable                            
0     00083e99  _GD_A_PSDisable                           
0     00083ea1  _GD_A_LogicEnable                         
0     00083ea9  _GD_A_LogicDisable                        
0     00083eb1  _GD_A_OCEnable                            
0     00083eb9  _GD_A_OCDisable                           
0     00083ec1  _GD_B_PSEnable                            
0     00083ec9  _GD_B_PSDisable                           
0     00083ed1  _GD_B_LogicEnable                         
0     00083ed9  _GD_B_LogicDisable                        
0     00083ee1  _GD_B_OCEnable                            
0     00083ee9  _GD_B_OCDisable                           
0     00083ef1  _GD_C_PSEnable                            
0     00083ef9  _GD_C_PSDisable                           
0     00083f01  _GD_C_LogicEnable                         
0     00083f09  _GD_C_LogicDisable                        
0     00083f11  _GD_C_OCEnable                            
0     00083f19  _GD_C_OCDisable                           
0     00083f21  _GD_ALL_PSEnable                          
0     00083f28  _GD_ALL_PSDisable                         
0     00083f2f  _GD_ALL_LogicEnable                       
0     00083f36  _GD_ALL_LogicDisable                      
0     00083f3d  _GD_ALL_OCEnable                          
0     00083f44  _GD_ALL_OCDisable                         
0     00083f4b  _GD_ALL_Reset                             
0     00083f54  _GD_A_getFault                            
0     00083f60  _GD_B_getFault                            
0     00083f6c  _GD_C_getFault                            
0     00083f78  _GD_Global_getFault                       
0     00083f8c  _getCurrentA                              
0     00083fa9  _getCurrentB                              
0     00083fc6  _getCurrentC                              
0     00083fe3  _getCurrentEXT                            
0     00084045  _CAN_initModule                           
0     00084058  _CAN_setBitRate                           
0     0008409c  _CAN_setBitTiming                         
0     000840d4  _CAN_clearInterruptStatus                 
0     00084102  _CAN_setupMessageObject                   
0     000841ba  _CAN_sendMessage                          
0     00084201  _CAN_sendMessage_updateDLC                
0     0008428c  _CAN_sendRemoteRequestMessage             
0     000842c0  _CAN_readMessage                          
0     00084312  _CAN_readMessageWithID                    
0     00084346  _CAN_transferMessage                      
0     0008438c  _CAN_clearMessage                         
0     000843ae  _CAN_disableMessageObject                 
0     000843d0  _CAN_disableAllMessageObjects             
0     00084494  _Device_init                              
0     000844c5  _Device_enableAllPeripherals              
0     000845b0  _Device_initGPIO                          
0     000845d1  _Device_enableUnbondedGPIOPullupsFor176Pin
0     000845e4  _Device_enableUnbondedGPIOPullupsFor100Pin
0     00084601  _Device_enableUnbondedGPIOPullups         
0     00084617  _Device_configureTMXAnalogTrim            
0     00084648  _Device_bootCPU2                          
0     000847c2  ___error__                                
0     000847c9  _Example_setResultPass                    
0     000847ce  _Example_setResultFail                    
0     000847d3  _Example_done                             
0     000847e1  _GPIO_setDirectionMode                    
0     00084808  _GPIO_getDirectionMode                    
0     0008481e  _GPIO_setInterruptPin                     
0     00084849  _GPIO_setPadConfig                        
0     00084891  _GPIO_getPadConfig                        
0     000848c5  _GPIO_setQualificationMode                
0     000848f1  _GPIO_getQualificationMode                
0     00084912  _GPIO_setQualificationPeriod              
0     00084934  _GPIO_setMasterCore                       
0     00084960  _GPIO_setAnalogMode                       
0     00084988  _GPIO_setPinConfig                        
0     000849bf  _epwm1ISR                                 
0     000849fd  _epwm1TZISR                               
0     00084a2b  _epwm2TZISR                               
0     00084a59  _epwm3TZISR                               
0     00084a87  _epwm6ISR                                 
0     00084abd  _ecap1ISR                                 
0     00084b09  _ecap2ISR                                 
0     00084b55  _ecap3ISR                                 
0     00084c46  _Interrupt_initModule                     
0     00084c83  _Interrupt_initVectorTable                
0     00084ca1  _Interrupt_enable                         
0     00084cd5  _Interrupt_disable                        
0     00084d9d  _initADCs                                 
0     00084ddf  _initADCSOCs                              
0     00084e80  _log                                      
0     00084e80  _logf                                     
0     00084fab  _exp                                      
0     00084fab  _expf                                     
0     000850bc  _ADC_setMode                              
0     000850d0  _ADC_setINLTrim                           
0     00085136  _ADC_setOffsetTrim                        
0     0008518d  _ADC_setPPBTripLimits                     
0     000851e9  _initCANGPIO                              
0     00085209  _initCAN                                  
0     0008527e  FS$$DIV                                   
0     0008530e  _getVoltageA                              
0     0008532b  _getVoltageB                              
0     0008534b  _getVoltageC                              
0     0008536b  _getVoltageDC                             
0     00085388  _sin                                      
0     00085388  _sinf                                     
0     000853ee  _c_int00                                  
0     00085444  C$$EXIT                                   
0     00085444  _abort                                    
0     00085446  _exit                                     
0     0008546d  _copy_in                                  
0     00085491  _memcpy                                   
0     000854ae  LL$$AND                                   
0     000854b6  LL$$OR                                    
0     000854be  LL$$XOR                                   
0     000854d9  __args_main                               
0     000854eb  __register_unlock                         
0     000854ef  __register_lock                           
0     000854f3  __nop                                     
0     000854fc  _SetDBGIER                                
0     000854ff  __system_pre_init                         
0     00085501  __system_post_cinit                       
0     00086000  _RamfuncsLoadStart                        
0     000860d3  _RamfuncsLoadEnd                          
1     00000040  _IPC_CPU1_To_CPU2_PutBuffer               
1     00000400  __stack                                   
1     00000600  _IPC_CPU1_To_CPU2_GetBuffer               
1     00000600  __STACK_END                               
1     00000b00  _AdcaResultRegs                           
1     00000b20  _AdcbResultRegs                           
1     00000b40  _AdccResultRegs                           
1     00000b60  _AdcdResultRegs                           
1     00000c00  _CpuTimer0Regs                            
1     00000c08  _CpuTimer1Regs                            
1     00000c10  _CpuTimer2Regs                            
1     00000ce0  _PieCtrlRegs                              
1     00001000  _DmaRegs                                  
1     00001400  _Cla1Regs                                 
1     00003000  _Clb1LogicCfgRegs                         
1     00003100  _Clb1LogicCtrlRegs                        
1     00003200  _Clb1DataExchRegs                         
1     00003400  _Clb2LogicCfgRegs                         
1     00003500  _Clb2LogicCtrlRegs                        
1     00003600  _Clb2DataExchRegs                         
1     00003800  _Clb3LogicCfgRegs                         
1     00003900  _Clb3LogicCtrlRegs                        
1     00003a00  _Clb3DataExchRegs                         
1     00003c00  _Clb4LogicCfgRegs                         
1     00003d00  _Clb4LogicCtrlRegs                        
1     00003e00  _Clb4DataExchRegs                         
1     00004000  _EPwm1Regs                                
1     00004100  _EPwm2Regs                                
1     00004200  _EPwm3Regs                                
1     00004300  _EPwm4Regs                                
1     00004400  _EPwm5Regs                                
1     00004500  _EPwm6Regs                                
1     00004600  _EPwm7Regs                                
1     00004700  _EPwm8Regs                                
1     00004800  _EPwm9Regs                                
1     00004900  _EPwm10Regs                               
1     00004a00  _EPwm11Regs                               
1     00004b00  _EPwm12Regs                               
1     00005000  _ECap1Regs                                
1     00005020  _ECap2Regs                                
1     00005040  _ECap3Regs                                
1     00005060  _ECap4Regs                                
1     00005080  _ECap5Regs                                
1     000050a0  _ECap6Regs                                
1     00005100  _EQep1Regs                                
1     00005140  _EQep2Regs                                
1     00005180  _EQep3Regs                                
1     00005c00  _DacaRegs                                 
1     00005c10  _DacbRegs                                 
1     00005c20  _DaccRegs                                 
1     00005c80  _Cmpss1Regs                               
1     00005ca0  _Cmpss2Regs                               
1     00005cc0  _Cmpss3Regs                               
1     00005ce0  _Cmpss4Regs                               
1     00005d00  _Cmpss5Regs                               
1     00005d20  _Cmpss6Regs                               
1     00005d40  _Cmpss7Regs                               
1     00005d60  _Cmpss8Regs                               
1     00005e00  _Sdfm1Regs                                
1     00005e80  _Sdfm2Regs                                
1     00006000  _McbspaRegs                               
1     00006040  _McbspbRegs                               
1     00006100  _SpiaRegs                                 
1     00006110  _SpibRegs                                 
1     00006120  _SpicRegs                                 
1     00006200  _UppRegs                                  
1     00007000  _WdRegs                                   
1     00007060  _NmiIntruptRegs                           
1     00007070  _XintRegs                                 
1     00007200  _SciaRegs                                 
1     00007210  _ScibRegs                                 
1     00007220  _ScicRegs                                 
1     00007230  _ScidRegs                                 
1     00007300  _I2caRegs                                 
1     00007340  _I2cbRegs                                 
1     00007400  _AdcaRegs                                 
1     00007480  _AdcbRegs                                 
1     00007500  _AdccRegs                                 
1     00007580  _AdcdRegs                                 
1     00007900  _InputXbarRegs                            
1     00007920  _XbarRegs                                 
1     00007940  _SyncSocRegs                              
1     00007980  _DmaClaSrcSelRegs                         
1     00007a00  _EPwmXbarRegs                             
1     00007a40  _ClbXbarRegs                              
1     00007a80  _OutputXbarRegs                           
1     00007c00  _GpioCtrlRegs                             
1     00007f00  _GpioDataRegs                             
1     0000a800  _cap1index                                
1     0000a801  _cap2index                                
1     0000a802  _cap3index                                
1     0000a803  _FS                                       
1     0000a804  _FF                                       
1     0000a805  _ID                                       
1     0000a806  _TD                                       
1     0000a807  _PSEN1                                    
1     0000a808  _PSEN2                                    
1     0000a809  _PSEN3                                    
1     0000a80a  _LEN1                                     
1     0000a80b  _LEN2                                     
1     0000a80c  _LEN3                                     
1     0000a80d  _FAULT1                                   
1     0000a80e  _FAULT2                                   
1     0000a80f  _FAULT3                                   
1     0000a810  _RESET                                    
1     0000a811  _FUND_FREQ                                
1     0000a812  _EPwm_TBPRD                               
1     0000a813  _SWITCHING_FREQ                           
1     0000a814  _DEAD_TIME                                
1     0000a815  _rampFreq                                 
1     0000a816  _delay_count                              
1     0000a817  _delay_count_max                          
1     0000a818  _final_freq                               
1     0000a81a  _DUTY                                     
1     0000a81c  _MF                                       
1     0000a81e  _Sine                                     
1     0000a820  _Ts                                       
1     0000a822  _radian                                   
1     0000a824  _epwmLEDInfo                              
1     0000a82a  _epwm1Info                                
1     0000a834  _epwm2Info                                
1     0000a840  _epwm3Info                                
1     0000a84a  _TRIP_SEL                                 
1     0000a868  _CpuTimer0                                
1     0000a870  _CpuTimer1                                
1     0000a878  _CpuTimer2                                
1     0000a880  _EPWM                                     
1     0000a89a  _ECAP                                     
1     0000a8a8  _ADC                                      
1     0000a8b2  _cap1Count                                
1     0000a8bc  _I2C                                      
1     0000a8c0  _cap2Count                                
1     0000a8ca  _cap3Count                                
1     0000a8d4  _EQEP                                     
1     0000a8dc  _SPI                                      
1     0000a8e4  _tempSensor_tempSlope                     
1     0000a8e6  _tempSensor_tempOffset                    
1     0000a8e8  _tempSensor_scaleFactor                   
1     0000a8ea  _SDFM                                     
1     0000a8f0  _Example_Result                           
1     0000a8f2  _Example_PassCount                        
1     0000a8f4  _Example_Fail                             
1     0000a8f6  ___TI_enable_exit_profile_output          
1     0000a8f8  ___TI_cleanup_ptr                         
1     0000a8fa  ___TI_dtors_ptr                           
1     0000a8fc  _MCBSP                                    
1     0000a900  _SCI                                      
1     0000a904  __lock                                    
1     0000a906  __unlock                                  
1     0000a908  _deviceOpen                               
1     0000a909  _beta                                     
1     0000a90a  _errno                                    
1     0003fc00  _g_asIPCCPU1toCPU2Buffers                 
1     0003fc80  _g_usPutWriteIndexes                      
1     0003fc84  _g_usGetReadIndexes                       
1     00047000  _Emif1Regs                                
1     00047800  _Emif2Regs                                
1     00048000  _CanaRegs                                 
1     0004a000  _CanbRegs                                 
1     00050000  _IpcRegs                                  
1     00050024  _FlashPumpSemaphoreRegs                   
1     0005d000  _DevCfgRegs                               
1     0005d180  _AnalogSubsysRegs                         
1     0005d200  _ClkCfgRegs                               
1     0005d300  _CpuSysRegs                               
1     0005e608  _RomPrefetchRegs                          
1     0005f000  _DcsmZ1Regs                               
1     0005f040  _DcsmZ2Regs                               
1     0005f070  _DcsmCommonRegs                           
1     0005f400  _MemCfgRegs                               
1     0005f480  _Emif1ConfigRegs                          
1     0005f4a0  _Emif2ConfigRegs                          
1     0005f4c0  _AccessProtectionRegs                     
1     0005f500  _MemoryErrorRegs                          
1     0005f540  _RomWaitStateRegs                         
1     0005f800  _Flash0CtrlRegs                           
1     0005fb00  _Flash0EccRegs                            
abs   000000d3  _RamfuncsLoadSize                         
abs   000000d3  _RamfuncsRunSize                          
abs   00000200  __STACK_SIZE                              
abs   ffffffff  .text                                     
abs   ffffffff  ___TI_pprof_out_hndl                      
abs   ffffffff  ___TI_prof_data_size                      
abs   ffffffff  ___TI_prof_data_start                     
abs   ffffffff  ___binit__                                
abs   ffffffff  ___c_args__                               
abs   ffffffff  ___etext__                                
abs   ffffffff  ___pinit__                                
abs   ffffffff  ___text__                                 
abs   ffffffff  binit                                     
abs   ffffffff  etext                                     
abs   ffffffff  pinit                                     

[510 symbols]
