<?xml version="1.0" encoding="ISO-8859-1" ?>
<link_info>
   <banner>TMS320C2000 Linker PC v22.6.0.LTS</banner>
   <copyright>Copyright (c) 1996-2018 Texas Instruments Incorporated</copyright>
   <link_time>0x64021ce1</link_time>
   <link_errors>0x0</link_errors>
   <output_file>XM3_Inverter_Controller.out</output_file>
   <entry_point>
      <name>_c_int00</name>
      <address>0x853ee</address>
   </entry_point>
   <input_file_list>
      <input_file id="fl-2">
         <path>.\</path>
         <kind>object</kind>
         <file>Analog.obj</file>
         <name>Analog.obj</name>
      </input_file>
      <input_file id="fl-3">
         <path>.\</path>
         <kind>object</kind>
         <file>CANSetup.obj</file>
         <name>CANSetup.obj</name>
      </input_file>
      <input_file id="fl-4">
         <path>.\</path>
         <kind>object</kind>
         <file>GATEDRIVER.obj</file>
         <name>GATEDRIVER.obj</name>
      </input_file>
      <input_file id="fl-5">
         <path>.\</path>
         <kind>object</kind>
         <file>TEMPERATURE.obj</file>
         <name>TEMPERATURE.obj</name>
      </input_file>
      <input_file id="fl-6">
         <path>.\</path>
         <kind>object</kind>
         <file>Voltage.obj</file>
         <name>Voltage.obj</name>
      </input_file>
      <input_file id="fl-7">
         <path>.\</path>
         <kind>object</kind>
         <file>main.obj</file>
         <name>main.obj</name>
      </input_file>
      <input_file id="fl-8">
         <path>.\Common\</path>
         <kind>object</kind>
         <file>Current.obj</file>
         <name>Current.obj</name>
      </input_file>
      <input_file id="fl-9">
         <path>.\Common\</path>
         <kind>object</kind>
         <file>F2837xD_Adc.obj</file>
         <name>F2837xD_Adc.obj</name>
      </input_file>
      <input_file id="fl-a">
         <path>.\Common\</path>
         <kind>object</kind>
         <file>F2837xD_CodeStartBranch.obj</file>
         <name>F2837xD_CodeStartBranch.obj</name>
      </input_file>
      <input_file id="fl-b">
         <path>.\Common\</path>
         <kind>object</kind>
         <file>F2837xD_CpuTimers.obj</file>
         <name>F2837xD_CpuTimers.obj</name>
      </input_file>
      <input_file id="fl-c">
         <path>.\Common\</path>
         <kind>object</kind>
         <file>F2837xD_DBGIER.obj</file>
         <name>F2837xD_DBGIER.obj</name>
      </input_file>
      <input_file id="fl-d">
         <path>.\Common\</path>
         <kind>object</kind>
         <file>F2837xD_DefaultISR.obj</file>
         <name>F2837xD_DefaultISR.obj</name>
      </input_file>
      <input_file id="fl-e">
         <path>.\Common\</path>
         <kind>object</kind>
         <file>F2837xD_Dma.obj</file>
         <name>F2837xD_Dma.obj</name>
      </input_file>
      <input_file id="fl-f">
         <path>.\Common\</path>
         <kind>object</kind>
         <file>F2837xD_ECap.obj</file>
         <name>F2837xD_ECap.obj</name>
      </input_file>
      <input_file id="fl-10">
         <path>.\Common\</path>
         <kind>object</kind>
         <file>F2837xD_EPwm.obj</file>
         <name>F2837xD_EPwm.obj</name>
      </input_file>
      <input_file id="fl-11">
         <path>.\Common\</path>
         <kind>object</kind>
         <file>F2837xD_EQep.obj</file>
         <name>F2837xD_EQep.obj</name>
      </input_file>
      <input_file id="fl-12">
         <path>.\Common\</path>
         <kind>object</kind>
         <file>F2837xD_Emif.obj</file>
         <name>F2837xD_Emif.obj</name>
      </input_file>
      <input_file id="fl-13">
         <path>.\Common\</path>
         <kind>object</kind>
         <file>F2837xD_Gpio.obj</file>
         <name>F2837xD_Gpio.obj</name>
      </input_file>
      <input_file id="fl-14">
         <path>.\Common\</path>
         <kind>object</kind>
         <file>F2837xD_I2C.obj</file>
         <name>F2837xD_I2C.obj</name>
      </input_file>
      <input_file id="fl-15">
         <path>.\Common\</path>
         <kind>object</kind>
         <file>F2837xD_Ipc.obj</file>
         <name>F2837xD_Ipc.obj</name>
      </input_file>
      <input_file id="fl-16">
         <path>.\Common\</path>
         <kind>object</kind>
         <file>F2837xD_Ipc_Driver.obj</file>
         <name>F2837xD_Ipc_Driver.obj</name>
      </input_file>
      <input_file id="fl-17">
         <path>.\Common\</path>
         <kind>object</kind>
         <file>F2837xD_Ipc_Driver_Lite.obj</file>
         <name>F2837xD_Ipc_Driver_Lite.obj</name>
      </input_file>
      <input_file id="fl-18">
         <path>.\Common\</path>
         <kind>object</kind>
         <file>F2837xD_Ipc_Driver_Util.obj</file>
         <name>F2837xD_Ipc_Driver_Util.obj</name>
      </input_file>
      <input_file id="fl-19">
         <path>.\Common\</path>
         <kind>object</kind>
         <file>F2837xD_Mcbsp.obj</file>
         <name>F2837xD_Mcbsp.obj</name>
      </input_file>
      <input_file id="fl-1a">
         <path>.\Common\</path>
         <kind>object</kind>
         <file>F2837xD_PieCtrl.obj</file>
         <name>F2837xD_PieCtrl.obj</name>
      </input_file>
      <input_file id="fl-1b">
         <path>.\Common\</path>
         <kind>object</kind>
         <file>F2837xD_PieVect.obj</file>
         <name>F2837xD_PieVect.obj</name>
      </input_file>
      <input_file id="fl-1c">
         <path>.\Common\</path>
         <kind>object</kind>
         <file>F2837xD_Sci.obj</file>
         <name>F2837xD_Sci.obj</name>
      </input_file>
      <input_file id="fl-1d">
         <path>.\Common\</path>
         <kind>object</kind>
         <file>F2837xD_Spi.obj</file>
         <name>F2837xD_Spi.obj</name>
      </input_file>
      <input_file id="fl-1e">
         <path>.\Common\</path>
         <kind>object</kind>
         <file>F2837xD_SysCtrl.obj</file>
         <name>F2837xD_SysCtrl.obj</name>
      </input_file>
      <input_file id="fl-1f">
         <path>.\Common\</path>
         <kind>object</kind>
         <file>F2837xD_TempSensorConv.obj</file>
         <name>F2837xD_TempSensorConv.obj</name>
      </input_file>
      <input_file id="fl-20">
         <path>.\Common\</path>
         <kind>object</kind>
         <file>F2837xD_Upp.obj</file>
         <name>F2837xD_Upp.obj</name>
      </input_file>
      <input_file id="fl-21">
         <path>.\Common\</path>
         <kind>object</kind>
         <file>F2837xD_can.obj</file>
         <name>F2837xD_can.obj</name>
      </input_file>
      <input_file id="fl-22">
         <path>.\Common\</path>
         <kind>object</kind>
         <file>F2837xD_sci_io.obj</file>
         <name>F2837xD_sci_io.obj</name>
      </input_file>
      <input_file id="fl-23">
         <path>.\Common\</path>
         <kind>object</kind>
         <file>F2837xD_sdfm_drivers.obj</file>
         <name>F2837xD_sdfm_drivers.obj</name>
      </input_file>
      <input_file id="fl-24">
         <path>.\Common\</path>
         <kind>object</kind>
         <file>F2837xD_struct.obj</file>
         <name>F2837xD_struct.obj</name>
      </input_file>
      <input_file id="fl-25">
         <path>.\Common\</path>
         <kind>object</kind>
         <file>F2837xD_usDelay.obj</file>
         <name>F2837xD_usDelay.obj</name>
      </input_file>
      <input_file id="fl-26">
         <path>.\Common\</path>
         <kind>object</kind>
         <file>adc.obj</file>
         <name>adc.obj</name>
      </input_file>
      <input_file id="fl-27">
         <path>.\Common\</path>
         <kind>object</kind>
         <file>asysctl.obj</file>
         <name>asysctl.obj</name>
      </input_file>
      <input_file id="fl-28">
         <path>.\Common\</path>
         <kind>object</kind>
         <file>can.obj</file>
         <name>can.obj</name>
      </input_file>
      <input_file id="fl-29">
         <path>.\Common\</path>
         <kind>object</kind>
         <file>cla.obj</file>
         <name>cla.obj</name>
      </input_file>
      <input_file id="fl-2a">
         <path>.\Common\</path>
         <kind>object</kind>
         <file>clb.obj</file>
         <name>clb.obj</name>
      </input_file>
      <input_file id="fl-2b">
         <path>.\Common\</path>
         <kind>object</kind>
         <file>cmpss.obj</file>
         <name>cmpss.obj</name>
      </input_file>
      <input_file id="fl-2c">
         <path>.\Common\</path>
         <kind>object</kind>
         <file>cputimer.obj</file>
         <name>cputimer.obj</name>
      </input_file>
      <input_file id="fl-2d">
         <path>.\Common\</path>
         <kind>object</kind>
         <file>dac.obj</file>
         <name>dac.obj</name>
      </input_file>
      <input_file id="fl-2e">
         <path>.\Common\</path>
         <kind>object</kind>
         <file>dcsm.obj</file>
         <name>dcsm.obj</name>
      </input_file>
      <input_file id="fl-2f">
         <path>.\Common\</path>
         <kind>object</kind>
         <file>device.obj</file>
         <name>device.obj</name>
      </input_file>
      <input_file id="fl-30">
         <path>.\Common\</path>
         <kind>object</kind>
         <file>dma.obj</file>
         <name>dma.obj</name>
      </input_file>
      <input_file id="fl-31">
         <path>.\Common\</path>
         <kind>object</kind>
         <file>ecap.obj</file>
         <name>ecap.obj</name>
      </input_file>
      <input_file id="fl-32">
         <path>.\Common\</path>
         <kind>object</kind>
         <file>emif.obj</file>
         <name>emif.obj</name>
      </input_file>
      <input_file id="fl-33">
         <path>.\Common\</path>
         <kind>object</kind>
         <file>epwm.obj</file>
         <name>epwm.obj</name>
      </input_file>
      <input_file id="fl-34">
         <path>.\Common\</path>
         <kind>object</kind>
         <file>eqep.obj</file>
         <name>eqep.obj</name>
      </input_file>
      <input_file id="fl-35">
         <path>.\Common\</path>
         <kind>object</kind>
         <file>flash.obj</file>
         <name>flash.obj</name>
      </input_file>
      <input_file id="fl-36">
         <path>.\Common\</path>
         <kind>object</kind>
         <file>gpio.obj</file>
         <name>gpio.obj</name>
      </input_file>
      <input_file id="fl-37">
         <path>.\Common\</path>
         <kind>object</kind>
         <file>hrpwm.obj</file>
         <name>hrpwm.obj</name>
      </input_file>
      <input_file id="fl-38">
         <path>.\Common\</path>
         <kind>object</kind>
         <file>i2c.obj</file>
         <name>i2c.obj</name>
      </input_file>
      <input_file id="fl-39">
         <path>.\Common\</path>
         <kind>object</kind>
         <file>interrupt.obj</file>
         <name>interrupt.obj</name>
      </input_file>
      <input_file id="fl-3a">
         <path>.\Common\</path>
         <kind>object</kind>
         <file>ipc.obj</file>
         <name>ipc.obj</name>
      </input_file>
      <input_file id="fl-3b">
         <path>.\Common\</path>
         <kind>object</kind>
         <file>mcbsp.obj</file>
         <name>mcbsp.obj</name>
      </input_file>
      <input_file id="fl-3c">
         <path>.\Common\</path>
         <kind>object</kind>
         <file>memcfg.obj</file>
         <name>memcfg.obj</name>
      </input_file>
      <input_file id="fl-3d">
         <path>.\Common\</path>
         <kind>object</kind>
         <file>sci.obj</file>
         <name>sci.obj</name>
      </input_file>
      <input_file id="fl-3e">
         <path>.\Common\</path>
         <kind>object</kind>
         <file>sdfm.obj</file>
         <name>sdfm.obj</name>
      </input_file>
      <input_file id="fl-3f">
         <path>.\Common\</path>
         <kind>object</kind>
         <file>spi.obj</file>
         <name>spi.obj</name>
      </input_file>
      <input_file id="fl-40">
         <path>.\Common\</path>
         <kind>object</kind>
         <file>sysctl.obj</file>
         <name>sysctl.obj</name>
      </input_file>
      <input_file id="fl-41">
         <path>.\Common\</path>
         <kind>object</kind>
         <file>upp.obj</file>
         <name>upp.obj</name>
      </input_file>
      <input_file id="fl-42">
         <path>.\Common\</path>
         <kind>object</kind>
         <file>usb.obj</file>
         <name>usb.obj</name>
      </input_file>
      <input_file id="fl-43">
         <path>.\Common\</path>
         <kind>object</kind>
         <file>version.obj</file>
         <name>version.obj</name>
      </input_file>
      <input_file id="fl-44">
         <path>.\Common\</path>
         <kind>object</kind>
         <file>xbar.obj</file>
         <name>xbar.obj</name>
      </input_file>
      <input_file id="fl-45">
         <path>.\Header\</path>
         <kind>object</kind>
         <file>F2837xD_GlobalVariableDefs.obj</file>
         <name>F2837xD_GlobalVariableDefs.obj</name>
      </input_file>
      <input_file id="fl-4a">
         <kind>object</kind>
         <file>&lt;internal&gt;</file>
         <name>&lt;internal&gt;</name>
      </input_file>
      <input_file id="fl-56">
         <path>C:\ti\ccs1200\ccs\tools\compiler\ti-cgt-c2000_22.6.0.LTS\lib\</path>
         <kind>archive</kind>
         <file>rts2800_fpu32.lib</file>
         <name>e_expf.c.obj</name>
      </input_file>
      <input_file id="fl-57">
         <path>C:\ti\ccs1200\ccs\tools\compiler\ti-cgt-c2000_22.6.0.LTS\lib\</path>
         <kind>archive</kind>
         <file>rts2800_fpu32.lib</file>
         <name>e_logf.c.obj</name>
      </input_file>
      <input_file id="fl-58">
         <path>C:\ti\ccs1200\ccs\tools\compiler\ti-cgt-c2000_22.6.0.LTS\lib\</path>
         <kind>archive</kind>
         <file>rts2800_fpu32.lib</file>
         <name>s_sinf.c.obj</name>
      </input_file>
      <input_file id="fl-59">
         <path>C:\ti\ccs1200\ccs\tools\compiler\ti-cgt-c2000_22.6.0.LTS\lib\</path>
         <kind>archive</kind>
         <file>rts2800_fpu32.lib</file>
         <name>boot28.asm.obj</name>
      </input_file>
      <input_file id="fl-5a">
         <path>C:\ti\ccs1200\ccs\tools\compiler\ti-cgt-c2000_22.6.0.LTS\lib\</path>
         <kind>archive</kind>
         <file>rts2800_fpu32.lib</file>
         <name>fs_div28.asm.obj</name>
      </input_file>
      <input_file id="fl-5b">
         <path>C:\ti\ccs1200\ccs\tools\compiler\ti-cgt-c2000_22.6.0.LTS\lib\</path>
         <kind>archive</kind>
         <file>rts2800_fpu32.lib</file>
         <name>ll_aox28.asm.obj</name>
      </input_file>
      <input_file id="fl-5c">
         <path>C:\ti\ccs1200\ccs\tools\compiler\ti-cgt-c2000_22.6.0.LTS\lib\</path>
         <kind>archive</kind>
         <file>rts2800_fpu32.lib</file>
         <name>cpy_tbl.c.obj</name>
      </input_file>
      <input_file id="fl-5d">
         <path>C:\ti\ccs1200\ccs\tools\compiler\ti-cgt-c2000_22.6.0.LTS\lib\</path>
         <kind>archive</kind>
         <file>rts2800_fpu32.lib</file>
         <name>memcpy.c.obj</name>
      </input_file>
      <input_file id="fl-5e">
         <path>C:\ti\ccs1200\ccs\tools\compiler\ti-cgt-c2000_22.6.0.LTS\lib\</path>
         <kind>archive</kind>
         <file>rts2800_fpu32.lib</file>
         <name>pre_init.c.obj</name>
      </input_file>
      <input_file id="fl-5f">
         <path>C:\ti\ccs1200\ccs\tools\compiler\ti-cgt-c2000_22.6.0.LTS\lib\</path>
         <kind>archive</kind>
         <file>rts2800_fpu32.lib</file>
         <name>startup.c.obj</name>
      </input_file>
      <input_file id="fl-60">
         <path>C:\ti\ccs1200\ccs\tools\compiler\ti-cgt-c2000_22.6.0.LTS\lib\</path>
         <kind>archive</kind>
         <file>rts2800_fpu32.lib</file>
         <name>exit.c.obj</name>
      </input_file>
      <input_file id="fl-61">
         <path>C:\ti\ccs1200\ccs\tools\compiler\ti-cgt-c2000_22.6.0.LTS\lib\</path>
         <kind>archive</kind>
         <file>rts2800_fpu32.lib</file>
         <name>_lock.c.obj</name>
      </input_file>
      <input_file id="fl-62">
         <path>C:\ti\ccs1200\ccs\tools\compiler\ti-cgt-c2000_22.6.0.LTS\lib\</path>
         <kind>archive</kind>
         <file>rts2800_fpu32.lib</file>
         <name>args_main.c.obj</name>
      </input_file>
      <input_file id="fl-63">
         <path>C:\ti\ccs1200\ccs\tools\compiler\ti-cgt-c2000_22.6.0.LTS\lib\</path>
         <kind>archive</kind>
         <file>rts2800_fpu32.lib</file>
         <name>memset.c.obj</name>
      </input_file>
      <input_file id="fl-64">
         <path>C:\ti\ccs1200\ccs\tools\compiler\ti-cgt-c2000_22.6.0.LTS\lib\</path>
         <kind>archive</kind>
         <file>rts2800_fpu32.lib</file>
         <name>errno.c.obj</name>
      </input_file>
   </input_file_list>
   <object_component_list>
      <object_component id="oc-aa">
         <name>.cinit</name>
         <load_address>0x82000</load_address>
         <run_address>0x82000</run_address>
         <size>0x4d</size>
         <input_file_ref idref="fl-7"/>
      </object_component>
      <object_component id="oc-214">
         <name>.cinit:_TRIP_SEL</name>
         <load_address>0x8204d</load_address>
         <run_address>0x8204d</run_address>
         <size>0x21</size>
         <input_file_ref idref="fl-24"/>
      </object_component>
      <object_component id="oc-244">
         <name>.cinit:_EPWM</name>
         <load_address>0x8206e</load_address>
         <run_address>0x8206e</run_address>
         <size>0x1d</size>
         <input_file_ref idref="fl-24"/>
      </object_component>
      <object_component id="oc-204">
         <name>.cinit:_ECAP</name>
         <load_address>0x8208b</load_address>
         <run_address>0x8208b</run_address>
         <size>0x11</size>
         <input_file_ref idref="fl-24"/>
      </object_component>
      <object_component id="oc-178">
         <name>.cinit</name>
         <load_address>0x8209c</load_address>
         <run_address>0x8209c</run_address>
         <size>0xf</size>
         <input_file_ref idref="fl-2f"/>
      </object_component>
      <object_component id="oc-291">
         <name>.cinit</name>
         <load_address>0x820ab</load_address>
         <run_address>0x820ab</run_address>
         <size>0xe</size>
         <input_file_ref idref="fl-60"/>
      </object_component>
      <object_component id="oc-23d">
         <name>.cinit:_ADC</name>
         <load_address>0x820b9</load_address>
         <run_address>0x820b9</run_address>
         <size>0xd</size>
         <input_file_ref idref="fl-24"/>
      </object_component>
      <object_component id="oc-218">
         <name>.cinit:_EQEP</name>
         <load_address>0x820c6</load_address>
         <run_address>0x820c6</run_address>
         <size>0xb</size>
         <input_file_ref idref="fl-24"/>
      </object_component>
      <object_component id="oc-1fb">
         <name>.cinit:_SPI</name>
         <load_address>0x820d1</load_address>
         <run_address>0x820d1</run_address>
         <size>0xb</size>
         <input_file_ref idref="fl-24"/>
      </object_component>
      <object_component id="oc-238">
         <name>.cinit:_SDFM</name>
         <load_address>0x820dc</load_address>
         <run_address>0x820dc</run_address>
         <size>0x9</size>
         <input_file_ref idref="fl-24"/>
      </object_component>
      <object_component id="oc-21c">
         <name>.cinit:_I2C</name>
         <load_address>0x820e5</load_address>
         <run_address>0x820e5</run_address>
         <size>0x7</size>
         <input_file_ref idref="fl-24"/>
      </object_component>
      <object_component id="oc-220">
         <name>.cinit:_MCBSP</name>
         <load_address>0x820ec</load_address>
         <run_address>0x820ec</run_address>
         <size>0x7</size>
         <input_file_ref idref="fl-24"/>
      </object_component>
      <object_component id="oc-1f6">
         <name>.cinit:_SCI</name>
         <load_address>0x820f3</load_address>
         <run_address>0x820f3</run_address>
         <size>0x7</size>
         <input_file_ref idref="fl-24"/>
      </object_component>
      <object_component id="oc-2bf">
         <name>.cinit:__lock</name>
         <load_address>0x820fa</load_address>
         <run_address>0x820fa</run_address>
         <size>0x5</size>
         <input_file_ref idref="fl-61"/>
      </object_component>
      <object_component id="oc-2cc">
         <name>.cinit:__unlock</name>
         <load_address>0x820ff</load_address>
         <run_address>0x820ff</run_address>
         <size>0x5</size>
         <input_file_ref idref="fl-61"/>
      </object_component>
      <object_component id="oc-13b">
         <name>.cinit</name>
         <load_address>0x82104</load_address>
         <run_address>0x82104</run_address>
         <size>0x4</size>
         <input_file_ref idref="fl-22"/>
      </object_component>
      <object_component id="oc-9e">
         <name>.cinit</name>
         <load_address>0x82108</load_address>
         <run_address>0x82108</run_address>
         <size>0x4</size>
         <input_file_ref idref="fl-5"/>
      </object_component>
      <object_component id="oc-2a7">
         <name>.cinit</name>
         <load_address>0x8210c</load_address>
         <run_address>0x8210c</run_address>
         <size>0x4</size>
         <input_file_ref idref="fl-64"/>
      </object_component>
      <object_component id="oc-2af">
         <name>.text</name>
         <load_address>0x82114</load_address>
         <run_address>0x82114</run_address>
         <size>0xbf2</size>
         <input_file_ref idref="fl-7"/>
      </object_component>
      <object_component id="oc-cd">
         <name>.text:retain</name>
         <load_address>0x82d06</load_address>
         <run_address>0x82d06</run_address>
         <size>0x585</size>
         <input_file_ref idref="fl-d"/>
      </object_component>
      <object_component id="oc-2ce">
         <name>.text</name>
         <load_address>0x8328b</load_address>
         <run_address>0x8328b</run_address>
         <size>0x57f</size>
         <input_file_ref idref="fl-40"/>
      </object_component>
      <object_component id="oc-2c4">
         <name>.text</name>
         <load_address>0x8380a</load_address>
         <run_address>0x8380a</run_address>
         <size>0x4e4</size>
         <input_file_ref idref="fl-5"/>
      </object_component>
      <object_component id="oc-2c2">
         <name>.text</name>
         <load_address>0x83cee</load_address>
         <run_address>0x83cee</run_address>
         <size>0x296</size>
         <input_file_ref idref="fl-4"/>
      </object_component>
      <object_component id="oc-2c7">
         <name>.text</name>
         <load_address>0x83f84</load_address>
         <run_address>0x83f84</run_address>
         <size>0x7c</size>
         <input_file_ref idref="fl-8"/>
      </object_component>
      <object_component id="oc-2c6">
         <name>.text</name>
         <load_address>0x84000</load_address>
         <run_address>0x84000</run_address>
         <size>0x3fd</size>
         <input_file_ref idref="fl-28"/>
      </object_component>
      <object_component id="oc-2c0">
         <name>.text</name>
         <load_address>0x843fd</load_address>
         <run_address>0x843fd</run_address>
         <size>0x3d7</size>
         <input_file_ref idref="fl-2f"/>
      </object_component>
      <object_component id="oc-2ca">
         <name>.text</name>
         <load_address>0x847d4</load_address>
         <run_address>0x847d4</run_address>
         <size>0x1eb</size>
         <input_file_ref idref="fl-36"/>
      </object_component>
      <object_component id="oc-ac">
         <name>.text:retain</name>
         <load_address>0x849bf</load_address>
         <run_address>0x849bf</run_address>
         <size>0x1e2</size>
         <input_file_ref idref="fl-7"/>
      </object_component>
      <object_component id="oc-2c1">
         <name>.text</name>
         <load_address>0x84ba1</load_address>
         <run_address>0x84ba1</run_address>
         <size>0x17f</size>
         <input_file_ref idref="fl-39"/>
      </object_component>
      <object_component id="oc-2c5">
         <name>.text</name>
         <load_address>0x84d20</load_address>
         <run_address>0x84d20</run_address>
         <size>0x160</size>
         <input_file_ref idref="fl-2"/>
      </object_component>
      <object_component id="oc-2d0">
         <name>.text</name>
         <load_address>0x84e80</load_address>
         <run_address>0x84e80</run_address>
         <size>0x12b</size>
         <input_file_ref idref="fl-57"/>
      </object_component>
      <object_component id="oc-2cf">
         <name>.text</name>
         <load_address>0x84fab</load_address>
         <run_address>0x84fab</run_address>
         <size>0x111</size>
         <input_file_ref idref="fl-56"/>
      </object_component>
      <object_component id="oc-2d1">
         <name>.text</name>
         <load_address>0x850bc</load_address>
         <run_address>0x850bc</run_address>
         <size>0x103</size>
         <input_file_ref idref="fl-26"/>
      </object_component>
      <object_component id="oc-2c3">
         <name>.text</name>
         <load_address>0x851bf</load_address>
         <run_address>0x851bf</run_address>
         <size>0xbf</size>
         <input_file_ref idref="fl-3"/>
      </object_component>
      <object_component id="oc-272">
         <name>.text</name>
         <load_address>0x8527e</load_address>
         <run_address>0x8527e</run_address>
         <size>0x88</size>
         <input_file_ref idref="fl-5a"/>
      </object_component>
      <object_component id="oc-2c8">
         <name>.text</name>
         <load_address>0x85306</load_address>
         <run_address>0x85306</run_address>
         <size>0x82</size>
         <input_file_ref idref="fl-6"/>
      </object_component>
      <object_component id="oc-2c9">
         <name>.text</name>
         <load_address>0x85388</load_address>
         <run_address>0x85388</run_address>
         <size>0x66</size>
         <input_file_ref idref="fl-58"/>
      </object_component>
      <object_component id="oc-8d">
         <name>.text</name>
         <load_address>0x853ee</load_address>
         <run_address>0x853ee</run_address>
         <size>0x56</size>
         <input_file_ref idref="fl-59"/>
      </object_component>
      <object_component id="oc-2ae">
         <name>.text</name>
         <load_address>0x85444</load_address>
         <run_address>0x85444</run_address>
         <size>0x29</size>
         <input_file_ref idref="fl-60"/>
      </object_component>
      <object_component id="oc-2ab">
         <name>.text</name>
         <load_address>0x8546d</load_address>
         <run_address>0x8546d</run_address>
         <size>0x24</size>
         <input_file_ref idref="fl-5c"/>
      </object_component>
      <object_component id="oc-2bd">
         <name>.text</name>
         <load_address>0x85491</load_address>
         <run_address>0x85491</run_address>
         <size>0x1d</size>
         <input_file_ref idref="fl-5d"/>
      </object_component>
      <object_component id="oc-277">
         <name>.text</name>
         <load_address>0x854ae</load_address>
         <run_address>0x854ae</run_address>
         <size>0x18</size>
         <input_file_ref idref="fl-5b"/>
      </object_component>
      <object_component id="oc-2d3">
         <name>.text</name>
         <load_address>0x854c6</load_address>
         <run_address>0x854c6</run_address>
         <size>0x13</size>
         <input_file_ref idref="fl-35"/>
      </object_component>
      <object_component id="oc-2ad">
         <name>.text</name>
         <load_address>0x854d9</load_address>
         <run_address>0x854d9</run_address>
         <size>0x12</size>
         <input_file_ref idref="fl-62"/>
      </object_component>
      <object_component id="oc-2cb">
         <name>.text</name>
         <load_address>0x854eb</load_address>
         <run_address>0x854eb</run_address>
         <size>0x9</size>
         <input_file_ref idref="fl-61"/>
      </object_component>
      <object_component id="oc-bb">
         <name>.text</name>
         <load_address>0x854f4</load_address>
         <run_address>0x854f4</run_address>
         <size>0x8</size>
         <input_file_ref idref="fl-a"/>
      </object_component>
      <object_component id="oc-c7">
         <name>.text</name>
         <load_address>0x854fc</load_address>
         <run_address>0x854fc</run_address>
         <size>0x3</size>
         <input_file_ref idref="fl-c"/>
      </object_component>
      <object_component id="oc-2aa">
         <name>.text</name>
         <load_address>0x854ff</load_address>
         <run_address>0x854ff</run_address>
         <size>0x2</size>
         <input_file_ref idref="fl-5e"/>
      </object_component>
      <object_component id="oc-2ac">
         <name>.text</name>
         <load_address>0x85501</load_address>
         <run_address>0x85501</run_address>
         <size>0x1</size>
         <input_file_ref idref="fl-5f"/>
      </object_component>
      <object_component id="oc-bc">
         <name>codestart</name>
         <load_address>0x80000</load_address>
         <run_address>0x80000</run_address>
         <size>0x2</size>
         <input_file_ref idref="fl-a"/>
      </object_component>
      <object_component id="oc-2cd">
         <name>.TI.ramfunc</name>
         <load_address>0x86000</load_address>
         <run_address>0x8000</run_address>
         <size>0xcb</size>
         <input_file_ref idref="fl-35"/>
      </object_component>
      <object_component id="oc-148">
         <name>.TI.ramfunc</name>
         <load_address>0x860cb</load_address>
         <run_address>0x80cb</run_address>
         <size>0x4</size>
         <input_file_ref idref="fl-25"/>
      </object_component>
      <object_component id="oc-1cb">
         <name>.TI.ramfunc</name>
         <load_address>0x860cf</load_address>
         <run_address>0x80cf</run_address>
         <size>0x4</size>
         <input_file_ref idref="fl-40"/>
      </object_component>
      <object_component id="oc-26c">
         <name>.stack</name>
         <uninitialized>true</uninitialized>
         <run_address>0x400</run_address>
         <size>0x0</size>
         <input_file_ref idref="fl-59"/>
      </object_component>
      <object_component id="oc-36e">
         <name>.stack</name>
         <uninitialized>true</uninitialized>
         <run_address>0x400</run_address>
         <size>0x0</size>
      </object_component>
      <object_component id="oc-ab">
         <name>.ebss</name>
         <uninitialized>true</uninitialized>
         <run_address>0xa800</run_address>
         <size>0x4a</size>
         <input_file_ref idref="fl-7"/>
      </object_component>
      <object_component id="oc-2b6">
         <name>.ebss:_TRIP_SEL</name>
         <uninitialized>true</uninitialized>
         <run_address>0xa84a</run_address>
         <size>0x1e</size>
         <input_file_ref idref="fl-24"/>
      </object_component>
      <object_component id="oc-c2">
         <name>.ebss</name>
         <uninitialized>true</uninitialized>
         <run_address>0xa868</run_address>
         <size>0x18</size>
         <input_file_ref idref="fl-b"/>
      </object_component>
      <object_component id="oc-2bc">
         <name>.ebss:_EPWM</name>
         <uninitialized>true</uninitialized>
         <run_address>0xa880</run_address>
         <size>0x1a</size>
         <input_file_ref idref="fl-24"/>
      </object_component>
      <object_component id="oc-2b5">
         <name>.ebss:_ECAP</name>
         <uninitialized>true</uninitialized>
         <run_address>0xa89a</run_address>
         <size>0xe</size>
         <input_file_ref idref="fl-24"/>
      </object_component>
      <object_component id="oc-2bb">
         <name>.ebss:_ADC</name>
         <uninitialized>true</uninitialized>
         <run_address>0xa8a8</run_address>
         <size>0xa</size>
         <input_file_ref idref="fl-24"/>
      </object_component>
      <object_component id="oc-2b0">
         <name>.ebss:_cap1Count</name>
         <uninitialized>true</uninitialized>
         <run_address>0xa8b2</run_address>
         <size>0xa</size>
         <input_file_ref idref="fl-7"/>
      </object_component>
      <object_component id="oc-2b8">
         <name>.ebss:_I2C</name>
         <uninitialized>true</uninitialized>
         <run_address>0xa8bc</run_address>
         <size>0x4</size>
         <input_file_ref idref="fl-24"/>
      </object_component>
      <object_component id="oc-2b1">
         <name>.ebss:_cap2Count</name>
         <uninitialized>true</uninitialized>
         <run_address>0xa8c0</run_address>
         <size>0xa</size>
         <input_file_ref idref="fl-7"/>
      </object_component>
      <object_component id="oc-2b2">
         <name>.ebss:_cap3Count</name>
         <uninitialized>true</uninitialized>
         <run_address>0xa8ca</run_address>
         <size>0xa</size>
         <input_file_ref idref="fl-7"/>
      </object_component>
      <object_component id="oc-2b7">
         <name>.ebss:_EQEP</name>
         <uninitialized>true</uninitialized>
         <run_address>0xa8d4</run_address>
         <size>0x8</size>
         <input_file_ref idref="fl-24"/>
      </object_component>
      <object_component id="oc-2b4">
         <name>.ebss:_SPI</name>
         <uninitialized>true</uninitialized>
         <run_address>0xa8dc</run_address>
         <size>0x8</size>
         <input_file_ref idref="fl-24"/>
      </object_component>
      <object_component id="oc-12b">
         <name>.ebss</name>
         <uninitialized>true</uninitialized>
         <run_address>0xa8e4</run_address>
         <size>0x6</size>
         <input_file_ref idref="fl-1f"/>
      </object_component>
      <object_component id="oc-2ba">
         <name>.ebss:_SDFM</name>
         <uninitialized>true</uninitialized>
         <run_address>0xa8ea</run_address>
         <size>0x6</size>
         <input_file_ref idref="fl-24"/>
      </object_component>
      <object_component id="oc-179">
         <name>.ebss</name>
         <uninitialized>true</uninitialized>
         <run_address>0xa8f0</run_address>
         <size>0x6</size>
         <input_file_ref idref="fl-2f"/>
      </object_component>
      <object_component id="oc-292">
         <name>.ebss</name>
         <uninitialized>true</uninitialized>
         <run_address>0xa8f6</run_address>
         <size>0x6</size>
         <input_file_ref idref="fl-60"/>
      </object_component>
      <object_component id="oc-2b9">
         <name>.ebss:_MCBSP</name>
         <uninitialized>true</uninitialized>
         <run_address>0xa8fc</run_address>
         <size>0x4</size>
         <input_file_ref idref="fl-24"/>
      </object_component>
      <object_component id="oc-2b3">
         <name>.ebss:_SCI</name>
         <uninitialized>true</uninitialized>
         <run_address>0xa900</run_address>
         <size>0x4</size>
         <input_file_ref idref="fl-24"/>
      </object_component>
      <object_component id="oc-2be">
         <name>.ebss:__lock</name>
         <uninitialized>true</uninitialized>
         <run_address>0xa904</run_address>
         <size>0x2</size>
         <input_file_ref idref="fl-61"/>
      </object_component>
      <object_component id="oc-2d2">
         <name>.ebss:__unlock</name>
         <uninitialized>true</uninitialized>
         <run_address>0xa906</run_address>
         <size>0x2</size>
         <input_file_ref idref="fl-61"/>
      </object_component>
      <object_component id="oc-13c">
         <name>.ebss</name>
         <uninitialized>true</uninitialized>
         <run_address>0xa908</run_address>
         <size>0x1</size>
         <input_file_ref idref="fl-22"/>
      </object_component>
      <object_component id="oc-9f">
         <name>.ebss</name>
         <uninitialized>true</uninitialized>
         <run_address>0xa909</run_address>
         <size>0x1</size>
         <input_file_ref idref="fl-5"/>
      </object_component>
      <object_component id="oc-2a8">
         <name>.ebss</name>
         <uninitialized>true</uninitialized>
         <run_address>0xa90a</run_address>
         <size>0x1</size>
         <input_file_ref idref="fl-64"/>
      </object_component>
      <object_component id="oc-25c">
         <name>.econst</name>
         <load_address>0x90000</load_address>
         <run_address>0x90000</run_address>
         <size>0x10</size>
         <input_file_ref idref="fl-56"/>
      </object_component>
      <object_component id="oc-262">
         <name>.econst</name>
         <load_address>0x90010</load_address>
         <run_address>0x90010</run_address>
         <size>0x10</size>
         <input_file_ref idref="fl-57"/>
      </object_component>
      <object_component id="oc-2d4">
         <name>.econst:_halF</name>
         <load_address>0x90020</load_address>
         <run_address>0x90020</run_address>
         <size>0x4</size>
         <input_file_ref idref="fl-56"/>
      </object_component>
      <object_component id="oc-2d5">
         <name>.econst:_ln2HI</name>
         <load_address>0x90024</load_address>
         <run_address>0x90024</run_address>
         <size>0x4</size>
         <input_file_ref idref="fl-56"/>
      </object_component>
      <object_component id="oc-2d6">
         <name>.econst:_ln2LO</name>
         <load_address>0x90028</load_address>
         <run_address>0x90028</run_address>
         <size>0x4</size>
         <input_file_ref idref="fl-56"/>
      </object_component>
      <object_component id="oc-26d">
         <name>.reset</name>
         <load_address>0x3fffc0</load_address>
         <run_address>0x3fffc0</run_address>
         <size>0x2</size>
         <input_file_ref idref="fl-59"/>
      </object_component>
      <object_component id="oc-ff">
         <name>PUTBUFFER</name>
         <uninitialized>true</uninitialized>
         <run_address>0x3fc00</run_address>
         <size>0x80</size>
         <input_file_ref idref="fl-16"/>
      </object_component>
      <object_component id="oc-fb">
         <name>PUTWRITEIDX</name>
         <uninitialized>true</uninitialized>
         <run_address>0x3fc80</run_address>
         <size>0x4</size>
         <input_file_ref idref="fl-16"/>
      </object_component>
      <object_component id="oc-fe">
         <name>GETREADIDX</name>
         <uninitialized>true</uninitialized>
         <run_address>0x3fc84</run_address>
         <size>0x4</size>
         <input_file_ref idref="fl-16"/>
      </object_component>
      <object_component id="oc-100">
         <name>GETBUFFER</name>
         <uninitialized>true</uninitialized>
         <run_address>0x3f800</run_address>
         <size>0x80</size>
         <input_file_ref idref="fl-16"/>
      </object_component>
      <object_component id="oc-fd">
         <name>GETWRITEIDX</name>
         <uninitialized>true</uninitialized>
         <run_address>0x3f880</run_address>
         <size>0x4</size>
         <input_file_ref idref="fl-16"/>
      </object_component>
      <object_component id="oc-fc">
         <name>PUTREADIDX</name>
         <uninitialized>true</uninitialized>
         <run_address>0x3f884</run_address>
         <size>0x4</size>
         <input_file_ref idref="fl-16"/>
      </object_component>
      <object_component id="oc-2d7">
         <name>.TI.memcrc:_ccs_flash_checksum</name>
         <load_address>0x0</load_address>
         <run_address>0x0</run_address>
         <size>0x66</size>
      </object_component>
      <object_component id="oc-259">
         <name>PieVectTableFile</name>
         <uninitialized>true</uninitialized>
         <run_address>0xd00</run_address>
         <size>0x1c0</size>
         <input_file_ref idref="fl-45"/>
      </object_component>
      <object_component id="oc-226">
         <name>AccessProtectionRegsFile</name>
         <uninitialized>true</uninitialized>
         <run_address>0x5f4c0</run_address>
         <size>0x2e</size>
         <input_file_ref idref="fl-45"/>
      </object_component>
      <object_component id="oc-23c">
         <name>AdcaRegsFile</name>
         <uninitialized>true</uninitialized>
         <run_address>0x7400</run_address>
         <size>0x7c</size>
         <input_file_ref idref="fl-45"/>
      </object_component>
      <object_component id="oc-23e">
         <name>AdcbRegsFile</name>
         <uninitialized>true</uninitialized>
         <run_address>0x7480</run_address>
         <size>0x7c</size>
         <input_file_ref idref="fl-45"/>
      </object_component>
      <object_component id="oc-23f">
         <name>AdccRegsFile</name>
         <uninitialized>true</uninitialized>
         <run_address>0x7500</run_address>
         <size>0x7c</size>
         <input_file_ref idref="fl-45"/>
      </object_component>
      <object_component id="oc-240">
         <name>AdcdRegsFile</name>
         <uninitialized>true</uninitialized>
         <run_address>0x7580</run_address>
         <size>0x7c</size>
         <input_file_ref idref="fl-45"/>
      </object_component>
      <object_component id="oc-1fe">
         <name>AdcaResultRegsFile</name>
         <uninitialized>true</uninitialized>
         <run_address>0xb00</run_address>
         <size>0x18</size>
         <input_file_ref idref="fl-45"/>
      </object_component>
      <object_component id="oc-1ff">
         <name>AdcbResultRegsFile</name>
         <uninitialized>true</uninitialized>
         <run_address>0xb20</run_address>
         <size>0x18</size>
         <input_file_ref idref="fl-45"/>
      </object_component>
      <object_component id="oc-200">
         <name>AdccResultRegsFile</name>
         <uninitialized>true</uninitialized>
         <run_address>0xb40</run_address>
         <size>0x18</size>
         <input_file_ref idref="fl-45"/>
      </object_component>
      <object_component id="oc-201">
         <name>AdcdResultRegsFile</name>
         <uninitialized>true</uninitialized>
         <run_address>0xb60</run_address>
         <size>0x18</size>
         <input_file_ref idref="fl-45"/>
      </object_component>
      <object_component id="oc-22a">
         <name>AnalogSubsysRegsFile</name>
         <uninitialized>true</uninitialized>
         <run_address>0x5d180</run_address>
         <size>0x3e</size>
         <input_file_ref idref="fl-45"/>
      </object_component>
      <object_component id="oc-255">
         <name>CanaRegsFile</name>
         <uninitialized>true</uninitialized>
         <run_address>0x48000</run_address>
         <size>0x164</size>
         <input_file_ref idref="fl-45"/>
      </object_component>
      <object_component id="oc-256">
         <name>CanbRegsFile</name>
         <uninitialized>true</uninitialized>
         <run_address>0x4a000</run_address>
         <size>0x164</size>
         <input_file_ref idref="fl-45"/>
      </object_component>
      <object_component id="oc-22b">
         <name>Cla1RegsFile</name>
         <uninitialized>true</uninitialized>
         <run_address>0x1400</run_address>
         <size>0x3e</size>
         <input_file_ref idref="fl-45"/>
      </object_component>
      <object_component id="oc-250">
         <name>Clb1DataExchRegsFile</name>
         <uninitialized>true</uninitialized>
         <run_address>0x3200</run_address>
         <size>0x108</size>
         <input_file_ref idref="fl-45"/>
      </object_component>
      <object_component id="oc-251">
         <name>Clb2DataExchRegsFile</name>
         <uninitialized>true</uninitialized>
         <run_address>0x3600</run_address>
         <size>0x108</size>
         <input_file_ref idref="fl-45"/>
      </object_component>
      <object_component id="oc-252">
         <name>Clb3DataExchRegsFile</name>
         <uninitialized>true</uninitialized>
         <run_address>0x3a00</run_address>
         <size>0x108</size>
         <input_file_ref idref="fl-45"/>
      </object_component>
      <object_component id="oc-253">
         <name>Clb4DataExchRegsFile</name>
         <uninitialized>true</uninitialized>
         <run_address>0x3e00</run_address>
         <size>0x108</size>
         <input_file_ref idref="fl-45"/>
      </object_component>
      <object_component id="oc-22c">
         <name>Clb1LogicCfgRegsFile</name>
         <uninitialized>true</uninitialized>
         <run_address>0x3000</run_address>
         <size>0x3e</size>
         <input_file_ref idref="fl-45"/>
      </object_component>
      <object_component id="oc-22d">
         <name>Clb2LogicCfgRegsFile</name>
         <uninitialized>true</uninitialized>
         <run_address>0x3400</run_address>
         <size>0x3e</size>
         <input_file_ref idref="fl-45"/>
      </object_component>
      <object_component id="oc-22e">
         <name>Clb3LogicCfgRegsFile</name>
         <uninitialized>true</uninitialized>
         <run_address>0x3800</run_address>
         <size>0x3e</size>
         <input_file_ref idref="fl-45"/>
      </object_component>
      <object_component id="oc-22f">
         <name>Clb4LogicCfgRegsFile</name>
         <uninitialized>true</uninitialized>
         <run_address>0x3c00</run_address>
         <size>0x3e</size>
         <input_file_ref idref="fl-45"/>
      </object_component>
      <object_component id="oc-230">
         <name>Clb1LogicCtrlRegsFile</name>
         <uninitialized>true</uninitialized>
         <run_address>0x3100</run_address>
         <size>0x40</size>
         <input_file_ref idref="fl-45"/>
      </object_component>
      <object_component id="oc-231">
         <name>Clb2LogicCtrlRegsFile</name>
         <uninitialized>true</uninitialized>
         <run_address>0x3500</run_address>
         <size>0x40</size>
         <input_file_ref idref="fl-45"/>
      </object_component>
      <object_component id="oc-232">
         <name>Clb3LogicCtrlRegsFile</name>
         <uninitialized>true</uninitialized>
         <run_address>0x3900</run_address>
         <size>0x40</size>
         <input_file_ref idref="fl-45"/>
      </object_component>
      <object_component id="oc-233">
         <name>Clb4LogicCtrlRegsFile</name>
         <uninitialized>true</uninitialized>
         <run_address>0x3d00</run_address>
         <size>0x40</size>
         <input_file_ref idref="fl-45"/>
      </object_component>
      <object_component id="oc-234">
         <name>ClbXbarRegsFile</name>
         <uninitialized>true</uninitialized>
         <run_address>0x7a40</run_address>
         <size>0x40</size>
         <input_file_ref idref="fl-45"/>
      </object_component>
      <object_component id="oc-228">
         <name>ClkCfgRegsFile</name>
         <uninitialized>true</uninitialized>
         <run_address>0x5d200</run_address>
         <size>0x32</size>
         <input_file_ref idref="fl-45"/>
      </object_component>
      <object_component id="oc-20b">
         <name>Cmpss1RegsFile</name>
         <uninitialized>true</uninitialized>
         <run_address>0x5c80</run_address>
         <size>0x1b</size>
         <input_file_ref idref="fl-45"/>
      </object_component>
      <object_component id="oc-20c">
         <name>Cmpss2RegsFile</name>
         <uninitialized>true</uninitialized>
         <run_address>0x5ca0</run_address>
         <size>0x1b</size>
         <input_file_ref idref="fl-45"/>
      </object_component>
      <object_component id="oc-20d">
         <name>Cmpss3RegsFile</name>
         <uninitialized>true</uninitialized>
         <run_address>0x5cc0</run_address>
         <size>0x1b</size>
         <input_file_ref idref="fl-45"/>
      </object_component>
      <object_component id="oc-20e">
         <name>Cmpss4RegsFile</name>
         <uninitialized>true</uninitialized>
         <run_address>0x5ce0</run_address>
         <size>0x1b</size>
         <input_file_ref idref="fl-45"/>
      </object_component>
      <object_component id="oc-20f">
         <name>Cmpss5RegsFile</name>
         <uninitialized>true</uninitialized>
         <run_address>0x5d00</run_address>
         <size>0x1b</size>
         <input_file_ref idref="fl-45"/>
      </object_component>
      <object_component id="oc-210">
         <name>Cmpss6RegsFile</name>
         <uninitialized>true</uninitialized>
         <run_address>0x5d20</run_address>
         <size>0x1b</size>
         <input_file_ref idref="fl-45"/>
      </object_component>
      <object_component id="oc-211">
         <name>Cmpss7RegsFile</name>
         <uninitialized>true</uninitialized>
         <run_address>0x5d40</run_address>
         <size>0x1b</size>
         <input_file_ref idref="fl-45"/>
      </object_component>
      <object_component id="oc-212">
         <name>Cmpss8RegsFile</name>
         <uninitialized>true</uninitialized>
         <run_address>0x5d60</run_address>
         <size>0x1b</size>
         <input_file_ref idref="fl-45"/>
      </object_component>
      <object_component id="oc-1ee">
         <name>CpuTimer0RegsFile</name>
         <uninitialized>true</uninitialized>
         <run_address>0xc00</run_address>
         <size>0x8</size>
         <input_file_ref idref="fl-45"/>
      </object_component>
      <object_component id="oc-1ef">
         <name>CpuTimer1RegsFile</name>
         <uninitialized>true</uninitialized>
         <run_address>0xc08</run_address>
         <size>0x8</size>
         <input_file_ref idref="fl-45"/>
      </object_component>
      <object_component id="oc-1f0">
         <name>CpuTimer2RegsFile</name>
         <uninitialized>true</uninitialized>
         <run_address>0xc10</run_address>
         <size>0x8</size>
         <input_file_ref idref="fl-45"/>
      </object_component>
      <object_component id="oc-241">
         <name>CpuSysRegsFile</name>
         <uninitialized>true</uninitialized>
         <run_address>0x5d300</run_address>
         <size>0x82</size>
         <input_file_ref idref="fl-45"/>
      </object_component>
      <object_component id="oc-1ea">
         <name>DacaRegsFile</name>
         <uninitialized>true</uninitialized>
         <run_address>0x5c00</run_address>
         <size>0x7</size>
         <input_file_ref idref="fl-45"/>
      </object_component>
      <object_component id="oc-1eb">
         <name>DacbRegsFile</name>
         <uninitialized>true</uninitialized>
         <run_address>0x5c10</run_address>
         <size>0x7</size>
         <input_file_ref idref="fl-45"/>
      </object_component>
      <object_component id="oc-1ec">
         <name>DaccRegsFile</name>
         <uninitialized>true</uninitialized>
         <run_address>0x5c20</run_address>
         <size>0x7</size>
         <input_file_ref idref="fl-45"/>
      </object_component>
      <object_component id="oc-1e8">
         <name>DcsmCommonRegsFile</name>
         <uninitialized>true</uninitialized>
         <run_address>0x5f070</run_address>
         <size>0x6</size>
         <input_file_ref idref="fl-45"/>
      </object_component>
      <object_component id="oc-215">
         <name>DcsmZ1RegsFile</name>
         <uninitialized>true</uninitialized>
         <run_address>0x5f000</run_address>
         <size>0x22</size>
         <input_file_ref idref="fl-45"/>
      </object_component>
      <object_component id="oc-216">
         <name>DcsmZ2RegsFile</name>
         <uninitialized>true</uninitialized>
         <run_address>0x5f040</run_address>
         <size>0x22</size>
         <input_file_ref idref="fl-45"/>
      </object_component>
      <object_component id="oc-254">
         <name>DevCfgRegsFile</name>
         <uninitialized>true</uninitialized>
         <run_address>0x5d000</run_address>
         <size>0x12e</size>
         <input_file_ref idref="fl-45"/>
      </object_component>
      <object_component id="oc-202">
         <name>DmaClaSrcSelRegsFile</name>
         <uninitialized>true</uninitialized>
         <run_address>0x7980</run_address>
         <size>0x1a</size>
         <input_file_ref idref="fl-45"/>
      </object_component>
      <object_component id="oc-242">
         <name>DmaRegsFile</name>
         <uninitialized>true</uninitialized>
         <run_address>0x1000</run_address>
         <size>0xe0</size>
         <input_file_ref idref="fl-45"/>
      </object_component>
      <object_component id="oc-203">
         <name>ECap1RegsFile</name>
         <uninitialized>true</uninitialized>
         <run_address>0x5000</run_address>
         <size>0x1a</size>
         <input_file_ref idref="fl-45"/>
      </object_component>
      <object_component id="oc-205">
         <name>ECap2RegsFile</name>
         <uninitialized>true</uninitialized>
         <run_address>0x5020</run_address>
         <size>0x1a</size>
         <input_file_ref idref="fl-45"/>
      </object_component>
      <object_component id="oc-206">
         <name>ECap3RegsFile</name>
         <uninitialized>true</uninitialized>
         <run_address>0x5040</run_address>
         <size>0x1a</size>
         <input_file_ref idref="fl-45"/>
      </object_component>
      <object_component id="oc-207">
         <name>ECap4RegsFile</name>
         <uninitialized>true</uninitialized>
         <run_address>0x5060</run_address>
         <size>0x1a</size>
         <input_file_ref idref="fl-45"/>
      </object_component>
      <object_component id="oc-208">
         <name>ECap5RegsFile</name>
         <uninitialized>true</uninitialized>
         <run_address>0x5080</run_address>
         <size>0x1a</size>
         <input_file_ref idref="fl-45"/>
      </object_component>
      <object_component id="oc-209">
         <name>ECap6RegsFile</name>
         <uninitialized>true</uninitialized>
         <run_address>0x50a0</run_address>
         <size>0x1a</size>
         <input_file_ref idref="fl-45"/>
      </object_component>
      <object_component id="oc-1f1">
         <name>Emif1ConfigRegsFile</name>
         <uninitialized>true</uninitialized>
         <run_address>0x5f480</run_address>
         <size>0xa</size>
         <input_file_ref idref="fl-45"/>
      </object_component>
      <object_component id="oc-1f2">
         <name>Emif2ConfigRegsFile</name>
         <uninitialized>true</uninitialized>
         <run_address>0x5f4a0</run_address>
         <size>0xa</size>
         <input_file_ref idref="fl-45"/>
      </object_component>
      <object_component id="oc-222">
         <name>Emif1RegsFile</name>
         <uninitialized>true</uninitialized>
         <run_address>0x47000</run_address>
         <size>0x28</size>
         <input_file_ref idref="fl-45"/>
      </object_component>
      <object_component id="oc-223">
         <name>Emif2RegsFile</name>
         <uninitialized>true</uninitialized>
         <run_address>0x47800</run_address>
         <size>0x28</size>
         <input_file_ref idref="fl-45"/>
      </object_component>
      <object_component id="oc-243">
         <name>EPwm1RegsFile</name>
         <uninitialized>true</uninitialized>
         <run_address>0x4000</run_address>
         <size>0x100</size>
         <input_file_ref idref="fl-45"/>
      </object_component>
      <object_component id="oc-245">
         <name>EPwm2RegsFile</name>
         <uninitialized>true</uninitialized>
         <run_address>0x4100</run_address>
         <size>0x100</size>
         <input_file_ref idref="fl-45"/>
      </object_component>
      <object_component id="oc-246">
         <name>EPwm3RegsFile</name>
         <uninitialized>true</uninitialized>
         <run_address>0x4200</run_address>
         <size>0x100</size>
         <input_file_ref idref="fl-45"/>
      </object_component>
      <object_component id="oc-247">
         <name>EPwm4RegsFile</name>
         <uninitialized>true</uninitialized>
         <run_address>0x4300</run_address>
         <size>0x100</size>
         <input_file_ref idref="fl-45"/>
      </object_component>
      <object_component id="oc-248">
         <name>EPwm5RegsFile</name>
         <uninitialized>true</uninitialized>
         <run_address>0x4400</run_address>
         <size>0x100</size>
         <input_file_ref idref="fl-45"/>
      </object_component>
      <object_component id="oc-249">
         <name>EPwm6RegsFile</name>
         <uninitialized>true</uninitialized>
         <run_address>0x4500</run_address>
         <size>0x100</size>
         <input_file_ref idref="fl-45"/>
      </object_component>
      <object_component id="oc-24a">
         <name>EPwm7RegsFile</name>
         <uninitialized>true</uninitialized>
         <run_address>0x4600</run_address>
         <size>0x100</size>
         <input_file_ref idref="fl-45"/>
      </object_component>
      <object_component id="oc-24b">
         <name>EPwm8RegsFile</name>
         <uninitialized>true</uninitialized>
         <run_address>0x4700</run_address>
         <size>0x100</size>
         <input_file_ref idref="fl-45"/>
      </object_component>
      <object_component id="oc-24c">
         <name>EPwm9RegsFile</name>
         <uninitialized>true</uninitialized>
         <run_address>0x4800</run_address>
         <size>0x100</size>
         <input_file_ref idref="fl-45"/>
      </object_component>
      <object_component id="oc-24d">
         <name>EPwm10RegsFile</name>
         <uninitialized>true</uninitialized>
         <run_address>0x4900</run_address>
         <size>0x100</size>
         <input_file_ref idref="fl-45"/>
      </object_component>
      <object_component id="oc-24e">
         <name>EPwm11RegsFile</name>
         <uninitialized>true</uninitialized>
         <run_address>0x4a00</run_address>
         <size>0x100</size>
         <input_file_ref idref="fl-45"/>
      </object_component>
      <object_component id="oc-24f">
         <name>EPwm12RegsFile</name>
         <uninitialized>true</uninitialized>
         <run_address>0x4b00</run_address>
         <size>0x100</size>
         <input_file_ref idref="fl-45"/>
      </object_component>
      <object_component id="oc-235">
         <name>EPwmXbarRegsFile</name>
         <uninitialized>true</uninitialized>
         <run_address>0x7a00</run_address>
         <size>0x40</size>
         <input_file_ref idref="fl-45"/>
      </object_component>
      <object_component id="oc-217">
         <name>EQep1RegsFile</name>
         <uninitialized>true</uninitialized>
         <run_address>0x5100</run_address>
         <size>0x22</size>
         <input_file_ref idref="fl-45"/>
      </object_component>
      <object_component id="oc-219">
         <name>EQep2RegsFile</name>
         <uninitialized>true</uninitialized>
         <run_address>0x5140</run_address>
         <size>0x22</size>
         <input_file_ref idref="fl-45"/>
      </object_component>
      <object_component id="oc-21a">
         <name>EQep3RegsFile</name>
         <uninitialized>true</uninitialized>
         <run_address>0x5180</run_address>
         <size>0x22</size>
         <input_file_ref idref="fl-45"/>
      </object_component>
      <object_component id="oc-258">
         <name>Flash0CtrlRegsFile</name>
         <uninitialized>true</uninitialized>
         <run_address>0x5f800</run_address>
         <size>0x182</size>
         <input_file_ref idref="fl-45"/>
      </object_component>
      <object_component id="oc-224">
         <name>Flash0EccRegsFile</name>
         <uninitialized>true</uninitialized>
         <run_address>0x5fb00</run_address>
         <size>0x28</size>
         <input_file_ref idref="fl-45"/>
      </object_component>
      <object_component id="oc-1e5">
         <name>FlashPumpSemaphoreRegsFile</name>
         <uninitialized>true</uninitialized>
         <run_address>0x50024</run_address>
         <size>0x2</size>
         <input_file_ref idref="fl-45"/>
      </object_component>
      <object_component id="oc-257">
         <name>GpioCtrlRegsFile</name>
         <uninitialized>true</uninitialized>
         <run_address>0x7c00</run_address>
         <size>0x180</size>
         <input_file_ref idref="fl-45"/>
      </object_component>
      <object_component id="oc-227">
         <name>GpioDataRegsFile</name>
         <uninitialized>true</uninitialized>
         <run_address>0x7f00</run_address>
         <size>0x30</size>
         <input_file_ref idref="fl-45"/>
      </object_component>
      <object_component id="oc-21b">
         <name>I2caRegsFile</name>
         <uninitialized>true</uninitialized>
         <run_address>0x7300</run_address>
         <size>0x22</size>
         <input_file_ref idref="fl-45"/>
      </object_component>
      <object_component id="oc-21d">
         <name>I2cbRegsFile</name>
         <uninitialized>true</uninitialized>
         <run_address>0x7340</run_address>
         <size>0x22</size>
         <input_file_ref idref="fl-45"/>
      </object_component>
      <object_component id="oc-213">
         <name>InputXbarRegsFile</name>
         <uninitialized>true</uninitialized>
         <run_address>0x7900</run_address>
         <size>0x20</size>
         <input_file_ref idref="fl-45"/>
      </object_component>
      <object_component id="oc-21e">
         <name>IpcRegsFile</name>
         <uninitialized>true</uninitialized>
         <run_address>0x50000</run_address>
         <size>0x24</size>
         <input_file_ref idref="fl-45"/>
      </object_component>
      <object_component id="oc-229">
         <name>MemoryErrorRegsFile</name>
         <uninitialized>true</uninitialized>
         <run_address>0x5f500</run_address>
         <size>0x3a</size>
         <input_file_ref idref="fl-45"/>
      </object_component>
      <object_component id="oc-23b">
         <name>MemCfgRegsFile</name>
         <uninitialized>true</uninitialized>
         <run_address>0x5f400</run_address>
         <size>0x76</size>
         <input_file_ref idref="fl-45"/>
      </object_component>
      <object_component id="oc-21f">
         <name>McbspaRegsFile</name>
         <uninitialized>true</uninitialized>
         <run_address>0x6000</run_address>
         <size>0x24</size>
         <input_file_ref idref="fl-45"/>
      </object_component>
      <object_component id="oc-221">
         <name>McbspbRegsFile</name>
         <uninitialized>true</uninitialized>
         <run_address>0x6040</run_address>
         <size>0x24</size>
         <input_file_ref idref="fl-45"/>
      </object_component>
      <object_component id="oc-1ed">
         <name>NmiIntruptRegsFile</name>
         <uninitialized>true</uninitialized>
         <run_address>0x7060</run_address>
         <size>0x7</size>
         <input_file_ref idref="fl-45"/>
      </object_component>
      <object_component id="oc-236">
         <name>OutputXbarRegsFile</name>
         <uninitialized>true</uninitialized>
         <run_address>0x7a80</run_address>
         <size>0x40</size>
         <input_file_ref idref="fl-45"/>
      </object_component>
      <object_component id="oc-20a">
         <name>PieCtrlRegsFile</name>
         <uninitialized>true</uninitialized>
         <run_address>0xce0</run_address>
         <size>0x1a</size>
         <input_file_ref idref="fl-45"/>
      </object_component>
      <object_component id="oc-1e6">
         <name>RomPrefetchRegsFile</name>
         <uninitialized>true</uninitialized>
         <run_address>0x5e608</run_address>
         <size>0x2</size>
         <input_file_ref idref="fl-45"/>
      </object_component>
      <object_component id="oc-1e7">
         <name>RomWaitStateRegsFile</name>
         <uninitialized>true</uninitialized>
         <run_address>0x5f540</run_address>
         <size>0x2</size>
         <input_file_ref idref="fl-45"/>
      </object_component>
      <object_component id="oc-1f5">
         <name>SciaRegsFile</name>
         <uninitialized>true</uninitialized>
         <run_address>0x7200</run_address>
         <size>0x10</size>
         <input_file_ref idref="fl-45"/>
      </object_component>
      <object_component id="oc-1f7">
         <name>ScibRegsFile</name>
         <uninitialized>true</uninitialized>
         <run_address>0x7210</run_address>
         <size>0x10</size>
         <input_file_ref idref="fl-45"/>
      </object_component>
      <object_component id="oc-1f8">
         <name>ScicRegsFile</name>
         <uninitialized>true</uninitialized>
         <run_address>0x7220</run_address>
         <size>0x10</size>
         <input_file_ref idref="fl-45"/>
      </object_component>
      <object_component id="oc-1f9">
         <name>ScidRegsFile</name>
         <uninitialized>true</uninitialized>
         <run_address>0x7230</run_address>
         <size>0x10</size>
         <input_file_ref idref="fl-45"/>
      </object_component>
      <object_component id="oc-237">
         <name>Sdfm1RegsFile</name>
         <uninitialized>true</uninitialized>
         <run_address>0x5e00</run_address>
         <size>0x48</size>
         <input_file_ref idref="fl-45"/>
      </object_component>
      <object_component id="oc-239">
         <name>Sdfm2RegsFile</name>
         <uninitialized>true</uninitialized>
         <run_address>0x5e80</run_address>
         <size>0x48</size>
         <input_file_ref idref="fl-45"/>
      </object_component>
      <object_component id="oc-1fa">
         <name>SpiaRegsFile</name>
         <uninitialized>true</uninitialized>
         <run_address>0x6100</run_address>
         <size>0x10</size>
         <input_file_ref idref="fl-45"/>
      </object_component>
      <object_component id="oc-1fc">
         <name>SpibRegsFile</name>
         <uninitialized>true</uninitialized>
         <run_address>0x6110</run_address>
         <size>0x10</size>
         <input_file_ref idref="fl-45"/>
      </object_component>
      <object_component id="oc-1fd">
         <name>SpicRegsFile</name>
         <uninitialized>true</uninitialized>
         <run_address>0x6120</run_address>
         <size>0x10</size>
         <input_file_ref idref="fl-45"/>
      </object_component>
      <object_component id="oc-1e9">
         <name>SyncSocRegsFile</name>
         <uninitialized>true</uninitialized>
         <run_address>0x7940</run_address>
         <size>0x6</size>
         <input_file_ref idref="fl-45"/>
      </object_component>
      <object_component id="oc-23a">
         <name>UppRegsFile</name>
         <uninitialized>true</uninitialized>
         <run_address>0x6200</run_address>
         <size>0x48</size>
         <input_file_ref idref="fl-45"/>
      </object_component>
      <object_component id="oc-225">
         <name>WdRegsFile</name>
         <uninitialized>true</uninitialized>
         <run_address>0x7000</run_address>
         <size>0x2b</size>
         <input_file_ref idref="fl-45"/>
      </object_component>
      <object_component id="oc-1f4">
         <name>XbarRegsFile</name>
         <uninitialized>true</uninitialized>
         <run_address>0x7920</run_address>
         <size>0xe</size>
         <input_file_ref idref="fl-45"/>
      </object_component>
      <object_component id="oc-1f3">
         <name>XintRegsFile</name>
         <uninitialized>true</uninitialized>
         <run_address>0x7070</run_address>
         <size>0xb</size>
         <input_file_ref idref="fl-45"/>
      </object_component>
      <object_component id="oc-8e">
         <name>.debug_info</name>
         <load_address>0x0</load_address>
         <run_address>0x0</run_address>
         <size>0x1991</size>
         <input_file_ref idref="fl-2"/>
      </object_component>
      <object_component id="oc-93">
         <name>.debug_info</name>
         <load_address>0x1991</load_address>
         <run_address>0x1991</run_address>
         <size>0xacc</size>
         <input_file_ref idref="fl-3"/>
      </object_component>
      <object_component id="oc-98">
         <name>.debug_info</name>
         <load_address>0x245d</load_address>
         <run_address>0x245d</run_address>
         <size>0x2036</size>
         <input_file_ref idref="fl-4"/>
      </object_component>
      <object_component id="oc-9d">
         <name>.debug_info</name>
         <load_address>0x4493</load_address>
         <run_address>0x4493</run_address>
         <size>0x29c6</size>
         <input_file_ref idref="fl-5"/>
      </object_component>
      <object_component id="oc-a4">
         <name>.debug_info</name>
         <load_address>0x6e59</load_address>
         <run_address>0x6e59</run_address>
         <size>0x81d</size>
         <input_file_ref idref="fl-6"/>
      </object_component>
      <object_component id="oc-a9">
         <name>.debug_info</name>
         <load_address>0x7676</load_address>
         <run_address>0x7676</run_address>
         <size>0x85ab</size>
         <input_file_ref idref="fl-7"/>
      </object_component>
      <object_component id="oc-b1">
         <name>.debug_info</name>
         <load_address>0xfc21</load_address>
         <run_address>0xfc21</run_address>
         <size>0x85e</size>
         <input_file_ref idref="fl-8"/>
      </object_component>
      <object_component id="oc-b6">
         <name>.debug_info</name>
         <load_address>0x1047f</load_address>
         <run_address>0x1047f</run_address>
         <size>0x46a9</size>
         <input_file_ref idref="fl-9"/>
      </object_component>
      <object_component id="oc-be">
         <name>.debug_info</name>
         <load_address>0x14b28</load_address>
         <run_address>0x14b28</run_address>
         <size>0x142</size>
         <input_file_ref idref="fl-a"/>
      </object_component>
      <object_component id="oc-c1">
         <name>.debug_info</name>
         <load_address>0x14c6a</load_address>
         <run_address>0x14c6a</run_address>
         <size>0x82d</size>
         <input_file_ref idref="fl-b"/>
      </object_component>
      <object_component id="oc-c9">
         <name>.debug_info</name>
         <load_address>0x15497</load_address>
         <run_address>0x15497</run_address>
         <size>0x102</size>
         <input_file_ref idref="fl-c"/>
      </object_component>
      <object_component id="oc-cc">
         <name>.debug_info</name>
         <load_address>0x15599</load_address>
         <run_address>0x15599</run_address>
         <size>0x3c9c</size>
         <input_file_ref idref="fl-d"/>
      </object_component>
      <object_component id="oc-d2">
         <name>.debug_info</name>
         <load_address>0x19235</load_address>
         <run_address>0x19235</run_address>
         <size>0x4726</size>
         <input_file_ref idref="fl-e"/>
      </object_component>
      <object_component id="oc-d7">
         <name>.debug_info</name>
         <load_address>0x1d95b</load_address>
         <run_address>0x1d95b</run_address>
         <size>0x13e4e</size>
         <input_file_ref idref="fl-f"/>
      </object_component>
      <object_component id="oc-dc">
         <name>.debug_info</name>
         <load_address>0x317a9</load_address>
         <run_address>0x317a9</run_address>
         <size>0xf3dc</size>
         <input_file_ref idref="fl-10"/>
      </object_component>
      <object_component id="oc-e1">
         <name>.debug_info</name>
         <load_address>0x40b85</load_address>
         <run_address>0x40b85</run_address>
         <size>0xf3dc</size>
         <input_file_ref idref="fl-11"/>
      </object_component>
      <object_component id="oc-e6">
         <name>.debug_info</name>
         <load_address>0x4ff61</load_address>
         <run_address>0x4ff61</run_address>
         <size>0x5540</size>
         <input_file_ref idref="fl-12"/>
      </object_component>
      <object_component id="oc-eb">
         <name>.debug_info</name>
         <load_address>0x554a1</load_address>
         <run_address>0x554a1</run_address>
         <size>0x19330</size>
         <input_file_ref idref="fl-13"/>
      </object_component>
      <object_component id="oc-f0">
         <name>.debug_info</name>
         <load_address>0x6e7d1</load_address>
         <run_address>0x6e7d1</run_address>
         <size>0xf3db</size>
         <input_file_ref idref="fl-14"/>
      </object_component>
      <object_component id="oc-f5">
         <name>.debug_info</name>
         <load_address>0x7dbac</load_address>
         <run_address>0x7dbac</run_address>
         <size>0x1638</size>
         <input_file_ref idref="fl-15"/>
      </object_component>
      <object_component id="oc-fa">
         <name>.debug_info</name>
         <load_address>0x7f1e4</load_address>
         <run_address>0x7f1e4</run_address>
         <size>0x19b9</size>
         <input_file_ref idref="fl-16"/>
      </object_component>
      <object_component id="oc-105">
         <name>.debug_info</name>
         <load_address>0x80b9d</load_address>
         <run_address>0x80b9d</run_address>
         <size>0x48d7</size>
         <input_file_ref idref="fl-17"/>
      </object_component>
      <object_component id="oc-10a">
         <name>.debug_info</name>
         <load_address>0x85474</load_address>
         <run_address>0x85474</run_address>
         <size>0x17d5c</size>
         <input_file_ref idref="fl-18"/>
      </object_component>
      <object_component id="oc-10f">
         <name>.debug_info</name>
         <load_address>0x9d1d0</load_address>
         <run_address>0x9d1d0</run_address>
         <size>0x10375</size>
         <input_file_ref idref="fl-19"/>
      </object_component>
      <object_component id="oc-114">
         <name>.debug_info</name>
         <load_address>0xad545</load_address>
         <run_address>0xad545</run_address>
         <size>0x3493</size>
         <input_file_ref idref="fl-1a"/>
      </object_component>
      <object_component id="oc-119">
         <name>.debug_info</name>
         <load_address>0xb09d8</load_address>
         <run_address>0xb09d8</run_address>
         <size>0x664e</size>
         <input_file_ref idref="fl-1b"/>
      </object_component>
      <object_component id="oc-11e">
         <name>.debug_info</name>
         <load_address>0xb7026</load_address>
         <run_address>0xb7026</run_address>
         <size>0x193</size>
         <input_file_ref idref="fl-1c"/>
      </object_component>
      <object_component id="oc-120">
         <name>.debug_info</name>
         <load_address>0xb71b9</load_address>
         <run_address>0xb71b9</run_address>
         <size>0xfcc3</size>
         <input_file_ref idref="fl-1d"/>
      </object_component>
      <object_component id="oc-125">
         <name>.debug_info</name>
         <load_address>0xc6e7c</load_address>
         <run_address>0xc6e7c</run_address>
         <size>0xbe57</size>
         <input_file_ref idref="fl-1e"/>
      </object_component>
      <object_component id="oc-12a">
         <name>.debug_info</name>
         <load_address>0xd2cd3</load_address>
         <run_address>0xd2cd3</run_address>
         <size>0x4ee9</size>
         <input_file_ref idref="fl-1f"/>
      </object_component>
      <object_component id="oc-130">
         <name>.debug_info</name>
         <load_address>0xd7bbc</load_address>
         <run_address>0xd7bbc</run_address>
         <size>0x1097e</size>
         <input_file_ref idref="fl-20"/>
      </object_component>
      <object_component id="oc-135">
         <name>.debug_info</name>
         <load_address>0xe853a</load_address>
         <run_address>0xe853a</run_address>
         <size>0x29f4</size>
         <input_file_ref idref="fl-21"/>
      </object_component>
      <object_component id="oc-13a">
         <name>.debug_info</name>
         <load_address>0xeaf2e</load_address>
         <run_address>0xeaf2e</run_address>
         <size>0x3419</size>
         <input_file_ref idref="fl-22"/>
      </object_component>
      <object_component id="oc-141">
         <name>.debug_info</name>
         <load_address>0xee347</load_address>
         <run_address>0xee347</run_address>
         <size>0x1fa9</size>
         <input_file_ref idref="fl-23"/>
      </object_component>
      <object_component id="oc-146">
         <name>.debug_info</name>
         <load_address>0xf02f0</load_address>
         <run_address>0xf02f0</run_address>
         <size>0x102fd</size>
         <input_file_ref idref="fl-24"/>
      </object_component>
      <object_component id="oc-14a">
         <name>.debug_info</name>
         <load_address>0x1005ed</load_address>
         <run_address>0x1005ed</run_address>
         <size>0x105</size>
         <input_file_ref idref="fl-25"/>
      </object_component>
      <object_component id="oc-14d">
         <name>.debug_info</name>
         <load_address>0x1006f2</load_address>
         <run_address>0x1006f2</run_address>
         <size>0x8bf</size>
         <input_file_ref idref="fl-26"/>
      </object_component>
      <object_component id="oc-152">
         <name>.debug_info</name>
         <load_address>0x100fb1</load_address>
         <run_address>0x100fb1</run_address>
         <size>0x18f</size>
         <input_file_ref idref="fl-27"/>
      </object_component>
      <object_component id="oc-154">
         <name>.debug_info</name>
         <load_address>0x101140</load_address>
         <run_address>0x101140</run_address>
         <size>0x1792</size>
         <input_file_ref idref="fl-28"/>
      </object_component>
      <object_component id="oc-159">
         <name>.debug_info</name>
         <load_address>0x1028d2</load_address>
         <run_address>0x1028d2</run_address>
         <size>0x9ad</size>
         <input_file_ref idref="fl-29"/>
      </object_component>
      <object_component id="oc-15e">
         <name>.debug_info</name>
         <load_address>0x10327f</load_address>
         <run_address>0x10327f</run_address>
         <size>0x3cc</size>
         <input_file_ref idref="fl-2a"/>
      </object_component>
      <object_component id="oc-163">
         <name>.debug_info</name>
         <load_address>0x10364b</load_address>
         <run_address>0x10364b</run_address>
         <size>0x38e</size>
         <input_file_ref idref="fl-2b"/>
      </object_component>
      <object_component id="oc-168">
         <name>.debug_info</name>
         <load_address>0x1039d9</load_address>
         <run_address>0x1039d9</run_address>
         <size>0x41b</size>
         <input_file_ref idref="fl-2c"/>
      </object_component>
      <object_component id="oc-16d">
         <name>.debug_info</name>
         <load_address>0x103df4</load_address>
         <run_address>0x103df4</run_address>
         <size>0x3a9</size>
         <input_file_ref idref="fl-2d"/>
      </object_component>
      <object_component id="oc-172">
         <name>.debug_info</name>
         <load_address>0x10419d</load_address>
         <run_address>0x10419d</run_address>
         <size>0x6f8</size>
         <input_file_ref idref="fl-2e"/>
      </object_component>
      <object_component id="oc-177">
         <name>.debug_info</name>
         <load_address>0x104895</load_address>
         <run_address>0x104895</run_address>
         <size>0x31de</size>
         <input_file_ref idref="fl-2f"/>
      </object_component>
      <object_component id="oc-17e">
         <name>.debug_info</name>
         <load_address>0x107a73</load_address>
         <run_address>0x107a73</run_address>
         <size>0xa55</size>
         <input_file_ref idref="fl-30"/>
      </object_component>
      <object_component id="oc-183">
         <name>.debug_info</name>
         <load_address>0x1084c8</load_address>
         <run_address>0x1084c8</run_address>
         <size>0x3e9</size>
         <input_file_ref idref="fl-31"/>
      </object_component>
      <object_component id="oc-188">
         <name>.debug_info</name>
         <load_address>0x1088b1</load_address>
         <run_address>0x1088b1</run_address>
         <size>0x18c</size>
         <input_file_ref idref="fl-32"/>
      </object_component>
      <object_component id="oc-18a">
         <name>.debug_info</name>
         <load_address>0x108a3d</load_address>
         <run_address>0x108a3d</run_address>
         <size>0xc36</size>
         <input_file_ref idref="fl-33"/>
      </object_component>
      <object_component id="oc-18f">
         <name>.debug_info</name>
         <load_address>0x109673</load_address>
         <run_address>0x109673</run_address>
         <size>0x38d</size>
[...]
      </symbol>
      <symbol id="sm-99f">
         <name>_AdcdRegs</name>
         <value>0x7580</value>
         <object_component_ref idref="oc-240"/>
      </symbol>
      <symbol id="sm-9a0">
         <name>_ScidRegs</name>
         <value>0x7230</value>
         <object_component_ref idref="oc-1f9"/>
      </symbol>
      <symbol id="sm-9a1">
         <name>_ECap4Regs</name>
         <value>0x5060</value>
         <object_component_ref idref="oc-207"/>
      </symbol>
      <symbol id="sm-9a2">
         <name>_Flash0EccRegs</name>
         <value>0x5fb00</value>
         <object_component_ref idref="oc-224"/>
      </symbol>
      <symbol id="sm-9a3">
         <name>_IpcRegs</name>
         <value>0x50000</value>
         <object_component_ref idref="oc-21e"/>
      </symbol>
      <symbol id="sm-9a4">
         <name>_Clb2LogicCfgRegs</name>
         <value>0x3400</value>
         <object_component_ref idref="oc-22d"/>
      </symbol>
      <symbol id="sm-9a5">
         <name>_Clb2LogicCtrlRegs</name>
         <value>0x3500</value>
         <object_component_ref idref="oc-231"/>
      </symbol>
      <symbol id="sm-9a6">
         <name>_InputXbarRegs</name>
         <value>0x7900</value>
         <object_component_ref idref="oc-213"/>
      </symbol>
      <symbol id="sm-9a7">
         <name>_EPwmXbarRegs</name>
         <value>0x7a00</value>
         <object_component_ref idref="oc-235"/>
      </symbol>
      <symbol id="sm-9a8">
         <name>_Cmpss7Regs</name>
         <value>0x5d40</value>
         <object_component_ref idref="oc-211"/>
      </symbol>
      <symbol id="sm-9a9">
         <name>_DcsmZ2Regs</name>
         <value>0x5f040</value>
         <object_component_ref idref="oc-216"/>
      </symbol>
      <symbol id="sm-9aa">
         <name>_EPwm4Regs</name>
         <value>0x4300</value>
         <object_component_ref idref="oc-247"/>
      </symbol>
      <symbol id="sm-9ab">
         <name>_FlashPumpSemaphoreRegs</name>
         <value>0x50024</value>
         <object_component_ref idref="oc-1e5"/>
      </symbol>
      <symbol id="sm-9ac">
         <name>_ECap5Regs</name>
         <value>0x5080</value>
         <object_component_ref idref="oc-208"/>
      </symbol>
      <symbol id="sm-9ad">
         <name>_I2cbRegs</name>
         <value>0x7340</value>
         <object_component_ref idref="oc-21d"/>
      </symbol>
      <symbol id="sm-9ae">
         <name>_CpuTimer1Regs</name>
         <value>0xc08</value>
         <object_component_ref idref="oc-1ef"/>
      </symbol>
      <symbol id="sm-9af">
         <name>_RomPrefetchRegs</name>
         <value>0x5e608</value>
         <object_component_ref idref="oc-1e6"/>
      </symbol>
      <symbol id="sm-9b0">
         <name>_Clb4LogicCtrlRegs</name>
         <value>0x3d00</value>
         <object_component_ref idref="oc-233"/>
      </symbol>
      <symbol id="sm-9b1">
         <name>_Cmpss4Regs</name>
         <value>0x5ce0</value>
         <object_component_ref idref="oc-20e"/>
      </symbol>
      <symbol id="sm-9b2">
         <name>_Clb1DataExchRegs</name>
         <value>0x3200</value>
         <object_component_ref idref="oc-250"/>
      </symbol>
      <symbol id="sm-9b3">
         <name>_EPwm5Regs</name>
         <value>0x4400</value>
         <object_component_ref idref="oc-248"/>
      </symbol>
      <symbol id="sm-9b4">
         <name>_UppRegs</name>
         <value>0x6200</value>
         <object_component_ref idref="oc-23a"/>
      </symbol>
      <symbol id="sm-9b5">
         <name>_SpiaRegs</name>
         <value>0x6100</value>
         <object_component_ref idref="oc-1fa"/>
      </symbol>
      <symbol id="sm-9b6">
         <name>_CpuSysRegs</name>
         <value>0x5d300</value>
         <object_component_ref idref="oc-241"/>
      </symbol>
      <symbol id="sm-9b7">
         <name>_CanbRegs</name>
         <value>0x4a000</value>
         <object_component_ref idref="oc-256"/>
      </symbol>
      <symbol id="sm-9b8">
         <name>_ECap6Regs</name>
         <value>0x50a0</value>
         <object_component_ref idref="oc-209"/>
      </symbol>
      <symbol id="sm-9b9">
         <name>_ClbXbarRegs</name>
         <value>0x7a40</value>
         <object_component_ref idref="oc-234"/>
      </symbol>
      <symbol id="sm-9ba">
         <name>_DmaRegs</name>
         <value>0x1000</value>
         <object_component_ref idref="oc-242"/>
      </symbol>
      <symbol id="sm-9bb">
         <name>_XintRegs</name>
         <value>0x7070</value>
         <object_component_ref idref="oc-1f3"/>
      </symbol>
      <symbol id="sm-9bc">
         <name>_CpuTimer0Regs</name>
         <value>0xc00</value>
         <object_component_ref idref="oc-1ee"/>
      </symbol>
      <symbol id="sm-9bd">
         <name>_Cmpss5Regs</name>
         <value>0x5d00</value>
         <object_component_ref idref="oc-20f"/>
      </symbol>
      <symbol id="sm-9be">
         <name>_Emif1Regs</name>
         <value>0x47000</value>
         <object_component_ref idref="oc-222"/>
      </symbol>
      <symbol id="sm-9bf">
         <name>_AccessProtectionRegs</name>
         <value>0x5f4c0</value>
         <object_component_ref idref="oc-226"/>
      </symbol>
      <symbol id="sm-9c0">
         <name>_MemCfgRegs</name>
         <value>0x5f400</value>
         <object_component_ref idref="oc-23b"/>
      </symbol>
      <symbol id="sm-9c1">
         <name>_DacaRegs</name>
         <value>0x5c00</value>
         <object_component_ref idref="oc-1ea"/>
      </symbol>
      <symbol id="sm-9c2">
         <name>_McbspbRegs</name>
         <value>0x6040</value>
         <object_component_ref idref="oc-221"/>
      </symbol>
      <symbol id="sm-9c3">
         <name>_EPwm6Regs</name>
         <value>0x4500</value>
         <object_component_ref idref="oc-249"/>
      </symbol>
      <symbol id="sm-9c4">
         <name>_AdcaRegs</name>
         <value>0x7400</value>
         <object_component_ref idref="oc-23c"/>
      </symbol>
      <symbol id="sm-9c5">
         <name>_SciaRegs</name>
         <value>0x7200</value>
         <object_component_ref idref="oc-1f5"/>
      </symbol>
      <symbol id="sm-9c6">
         <name>_EPwm11Regs</name>
         <value>0x4a00</value>
         <object_component_ref idref="oc-24e"/>
      </symbol>
      <symbol id="sm-9c7">
         <name>_GpioDataRegs</name>
         <value>0x7f00</value>
         <object_component_ref idref="oc-227"/>
      </symbol>
      <symbol id="sm-9c8">
         <name>_Sdfm1Regs</name>
         <value>0x5e00</value>
         <object_component_ref idref="oc-237"/>
      </symbol>
      <symbol id="sm-9c9">
         <name>_Cmpss2Regs</name>
         <value>0x5ca0</value>
         <object_component_ref idref="oc-20c"/>
      </symbol>
      <symbol id="sm-9ca">
         <name>_Emif2Regs</name>
         <value>0x47800</value>
         <object_component_ref idref="oc-223"/>
      </symbol>
      <symbol id="sm-9cb">
         <name>_DcsmZ1Regs</name>
         <value>0x5f000</value>
         <object_component_ref idref="oc-215"/>
      </symbol>
      <symbol id="sm-9cc">
         <name>_Flash0CtrlRegs</name>
         <value>0x5f800</value>
         <object_component_ref idref="oc-258"/>
      </symbol>
      <symbol id="sm-9cd">
         <name>_EPwm7Regs</name>
         <value>0x4600</value>
         <object_component_ref idref="oc-24a"/>
      </symbol>
      <symbol id="sm-9ce">
         <name>_SpicRegs</name>
         <value>0x6120</value>
         <object_component_ref idref="oc-1fd"/>
      </symbol>
      <symbol id="sm-9cf">
         <name>_Clb4DataExchRegs</name>
         <value>0x3e00</value>
         <object_component_ref idref="oc-253"/>
      </symbol>
      <symbol id="sm-9d0">
         <name>_EPwm10Regs</name>
         <value>0x4900</value>
         <object_component_ref idref="oc-24d"/>
      </symbol>
      <symbol id="sm-9d1">
         <name>_CpuTimer2Regs</name>
         <value>0xc10</value>
         <object_component_ref idref="oc-1f0"/>
      </symbol>
      <symbol id="sm-9d2">
         <name>_Clb3LogicCfgRegs</name>
         <value>0x3800</value>
         <object_component_ref idref="oc-22e"/>
      </symbol>
      <symbol id="sm-9d3">
         <name>_DmaClaSrcSelRegs</name>
         <value>0x7980</value>
         <object_component_ref idref="oc-202"/>
      </symbol>
      <symbol id="sm-9d4">
         <name>_AnalogSubsysRegs</name>
         <value>0x5d180</value>
         <object_component_ref idref="oc-22a"/>
      </symbol>
      <symbol id="sm-9d5">
         <name>_Cmpss3Regs</name>
         <value>0x5cc0</value>
         <object_component_ref idref="oc-20d"/>
      </symbol>
      <symbol id="sm-9d6">
         <name>_DaccRegs</name>
         <value>0x5c20</value>
         <object_component_ref idref="oc-1ec"/>
      </symbol>
      <symbol id="sm-9d7">
         <name>_PieCtrlRegs</name>
         <value>0xce0</value>
         <object_component_ref idref="oc-20a"/>
      </symbol>
      <symbol id="sm-9d8">
         <name>_DevCfgRegs</name>
         <value>0x5d000</value>
         <object_component_ref idref="oc-254"/>
      </symbol>
      <symbol id="sm-9d9">
         <name>_SpibRegs</name>
         <value>0x6110</value>
         <object_component_ref idref="oc-1fc"/>
      </symbol>
      <symbol id="sm-9da">
         <name>_Clb1LogicCtrlRegs</name>
         <value>0x3100</value>
         <object_component_ref idref="oc-230"/>
      </symbol>
      <symbol id="sm-9db">
         <name>_AdccRegs</name>
         <value>0x7500</value>
         <object_component_ref idref="oc-23f"/>
      </symbol>
      <symbol id="sm-9dc">
         <name>_ScicRegs</name>
         <value>0x7220</value>
         <object_component_ref idref="oc-1f8"/>
      </symbol>
      <symbol id="sm-9dd">
         <name>_ECap1Regs</name>
         <value>0x5000</value>
         <object_component_ref idref="oc-203"/>
      </symbol>
      <symbol id="sm-9de">
         <name>_OutputXbarRegs</name>
         <value>0x7a80</value>
         <object_component_ref idref="oc-236"/>
      </symbol>
      <symbol id="sm-9df">
         <name>_MemoryErrorRegs</name>
         <value>0x5f500</value>
         <object_component_ref idref="oc-229"/>
      </symbol>
      <symbol id="sm-9e0">
         <name>_Cla1Regs</name>
         <value>0x1400</value>
         <object_component_ref idref="oc-22b"/>
      </symbol>
      <symbol id="sm-9e1">
         <name>_EQep1Regs</name>
         <value>0x5100</value>
         <object_component_ref idref="oc-217"/>
      </symbol>
      <symbol id="sm-9e2">
         <name>_DacbRegs</name>
         <value>0x5c10</value>
         <object_component_ref idref="oc-1eb"/>
      </symbol>
      <symbol id="sm-9e3">
         <name>_Clb2DataExchRegs</name>
         <value>0x3600</value>
         <object_component_ref idref="oc-251"/>
      </symbol>
      <symbol id="sm-9e4">
         <name>_Clb4LogicCfgRegs</name>
         <value>0x3c00</value>
         <object_component_ref idref="oc-22f"/>
      </symbol>
      <symbol id="sm-9e5">
         <name>_McbspaRegs</name>
         <value>0x6000</value>
         <object_component_ref idref="oc-21f"/>
      </symbol>
      <symbol id="sm-9e6">
         <name>_EPwm1Regs</name>
         <value>0x4000</value>
         <object_component_ref idref="oc-243"/>
      </symbol>
      <symbol id="sm-9e7">
         <name>_Clb3LogicCtrlRegs</name>
         <value>0x3900</value>
         <object_component_ref idref="oc-232"/>
      </symbol>
      <symbol id="sm-9e8">
         <name>_AdcbRegs</name>
         <value>0x7480</value>
         <object_component_ref idref="oc-23e"/>
      </symbol>
      <symbol id="sm-9e9">
         <name>_ScibRegs</name>
         <value>0x7210</value>
         <object_component_ref idref="oc-1f7"/>
      </symbol>
      <symbol id="sm-9ea">
         <name>_AdcaResultRegs</name>
         <value>0xb00</value>
         <object_component_ref idref="oc-1fe"/>
      </symbol>
      <symbol id="sm-9eb">
         <name>_ECap2Regs</name>
         <value>0x5020</value>
         <object_component_ref idref="oc-205"/>
      </symbol>
      <symbol id="sm-9ec">
         <name>_EPwm12Regs</name>
         <value>0x4b00</value>
         <object_component_ref idref="oc-24f"/>
      </symbol>
      <symbol id="sm-9ed">
         <name>_AdcbResultRegs</name>
         <value>0xb20</value>
         <object_component_ref idref="oc-1ff"/>
      </symbol>
      <symbol id="sm-9ee">
         <name>_Clb1LogicCfgRegs</name>
         <value>0x3000</value>
         <object_component_ref idref="oc-22c"/>
      </symbol>
      <symbol id="sm-9ef">
         <name>_AdccResultRegs</name>
         <value>0xb40</value>
         <object_component_ref idref="oc-200"/>
      </symbol>
      <symbol id="sm-9f0">
         <name>_Emif1ConfigRegs</name>
         <value>0x5f480</value>
         <object_component_ref idref="oc-1f1"/>
      </symbol>
      <symbol id="sm-9f1">
         <name>_Sdfm2Regs</name>
         <value>0x5e80</value>
         <object_component_ref idref="oc-239"/>
      </symbol>
      <symbol id="sm-9f2">
         <name>_AdcdResultRegs</name>
         <value>0xb60</value>
         <object_component_ref idref="oc-201"/>
      </symbol>
      <symbol id="sm-9f3">
         <name>_EQep2Regs</name>
         <value>0x5140</value>
         <object_component_ref idref="oc-219"/>
      </symbol>
      <symbol id="sm-9f4">
         <name>_Cmpss1Regs</name>
         <value>0x5c80</value>
         <object_component_ref idref="oc-20b"/>
      </symbol>
      <symbol id="sm-9f5">
         <name>_EPwm8Regs</name>
         <value>0x4700</value>
         <object_component_ref idref="oc-24b"/>
      </symbol>
      <symbol id="sm-9f6">
         <name>_Emif2ConfigRegs</name>
         <value>0x5f4a0</value>
         <object_component_ref idref="oc-1f2"/>
      </symbol>
      <symbol id="sm-9f7">
         <name>_DcsmCommonRegs</name>
         <value>0x5f070</value>
         <object_component_ref idref="oc-1e8"/>
      </symbol>
      <symbol id="sm-9f8">
         <name>_EPwm2Regs</name>
         <value>0x4100</value>
         <object_component_ref idref="oc-245"/>
      </symbol>
      <symbol id="sm-9f9">
         <name>_ECap3Regs</name>
         <value>0x5040</value>
         <object_component_ref idref="oc-206"/>
      </symbol>
      <symbol id="sm-9fa">
         <name>_Cmpss8Regs</name>
         <value>0x5d60</value>
         <object_component_ref idref="oc-212"/>
      </symbol>
      <symbol id="sm-9fb">
         <name>_EQep3Regs</name>
         <value>0x5180</value>
         <object_component_ref idref="oc-21a"/>
      </symbol>
      <symbol id="sm-9fc">
         <name>_SyncSocRegs</name>
         <value>0x7940</value>
         <object_component_ref idref="oc-1e9"/>
      </symbol>
      <symbol id="sm-9fd">
         <name>_EPwm9Regs</name>
         <value>0x4800</value>
         <object_component_ref idref="oc-24c"/>
      </symbol>
      <symbol id="sm-9fe">
         <name>_NmiIntruptRegs</name>
         <value>0x7060</value>
         <object_component_ref idref="oc-1ed"/>
      </symbol>
      <symbol id="sm-9ff">
         <name>_EPwm3Regs</name>
         <value>0x4200</value>
         <object_component_ref idref="oc-246"/>
      </symbol>
      <symbol id="sm-a00">
         <name>_I2caRegs</name>
         <value>0x7300</value>
         <object_component_ref idref="oc-21b"/>
      </symbol>
      <symbol id="sm-a2e">
         <name>_exp</name>
         <value>0x84fab</value>
         <object_component_ref idref="oc-2cf"/>
      </symbol>
      <symbol id="sm-a2f">
         <name>_expf</name>
         <value>0x84fab</value>
         <object_component_ref idref="oc-2cf"/>
      </symbol>
      <symbol id="sm-a56">
         <name>_logf</name>
         <value>0x84e80</value>
         <object_component_ref idref="oc-2d0"/>
      </symbol>
      <symbol id="sm-a58">
         <name>_log</name>
         <value>0x84e80</value>
         <object_component_ref idref="oc-2d0"/>
      </symbol>
      <symbol id="sm-a65">
         <name>_sin</name>
         <value>0x85388</value>
         <object_component_ref idref="oc-2c9"/>
      </symbol>
      <symbol id="sm-a66">
         <name>_sinf</name>
         <value>0x85388</value>
         <object_component_ref idref="oc-2c9"/>
      </symbol>
      <symbol id="sm-a82">
         <name>_c_int00</name>
         <value>0x853ee</value>
         <object_component_ref idref="oc-8d"/>
      </symbol>
      <symbol id="sm-a83">
         <name>__stack</name>
         <value>0x400</value>
         <object_component_ref idref="oc-26c"/>
      </symbol>
      <symbol id="sm-a94">
         <name>FS$$DIV</name>
         <value>0x8527e</value>
         <object_component_ref idref="oc-272"/>
      </symbol>
      <symbol id="sm-aa0">
         <name>LL$$AND</name>
         <value>0x854ae</value>
         <object_component_ref idref="oc-277"/>
      </symbol>
      <symbol id="sm-aa1">
         <name>LL$$OR</name>
         <value>0x854b6</value>
         <object_component_ref idref="oc-277"/>
      </symbol>
      <symbol id="sm-aa2">
         <name>LL$$XOR</name>
         <value>0x854be</value>
         <object_component_ref idref="oc-277"/>
      </symbol>
      <symbol id="sm-ab1">
         <name>_copy_in</name>
         <value>0x8546d</value>
         <object_component_ref idref="oc-2ab"/>
      </symbol>
      <symbol id="sm-ac3">
         <name>_memcpy</name>
         <value>0x85491</value>
         <object_component_ref idref="oc-2bd"/>
      </symbol>
      <symbol id="sm-ad0">
         <name>__system_pre_init</name>
         <value>0x854ff</value>
         <object_component_ref idref="oc-2aa"/>
      </symbol>
      <symbol id="sm-ade">
         <name>__system_post_cinit</name>
         <value>0x85501</value>
         <object_component_ref idref="oc-2ac"/>
      </symbol>
      <symbol id="sm-af3">
         <name>C$$EXIT</name>
         <value>0x85444</value>
         <object_component_ref idref="oc-2ae"/>
      </symbol>
      <symbol id="sm-af4">
         <name>_exit</name>
         <value>0x85446</value>
         <object_component_ref idref="oc-2ae"/>
      </symbol>
      <symbol id="sm-af6">
         <name>___TI_cleanup_ptr</name>
         <value>0xa8f8</value>
         <object_component_ref idref="oc-292"/>
      </symbol>
      <symbol id="sm-af7">
         <name>___TI_enable_exit_profile_output</name>
         <value>0xa8f6</value>
         <object_component_ref idref="oc-292"/>
      </symbol>
      <symbol id="sm-af8">
         <name>_abort</name>
         <value>0x85444</value>
         <object_component_ref idref="oc-2ae"/>
      </symbol>
      <symbol id="sm-afa">
         <name>___TI_dtors_ptr</name>
         <value>0xa8fa</value>
         <object_component_ref idref="oc-292"/>
      </symbol>
      <symbol id="sm-b0e">
         <name>__unlock</name>
         <value>0xa906</value>
         <object_component_ref idref="oc-2d2"/>
      </symbol>
      <symbol id="sm-b0f">
         <name>__lock</name>
         <value>0xa904</value>
         <object_component_ref idref="oc-2be"/>
      </symbol>
      <symbol id="sm-b10">
         <name>__register_lock</name>
         <value>0x854ef</value>
         <object_component_ref idref="oc-2cb"/>
      </symbol>
      <symbol id="sm-b12">
         <name>__nop</name>
         <value>0x854f3</value>
         <object_component_ref idref="oc-2cb"/>
      </symbol>
      <symbol id="sm-b14">
         <name>__register_unlock</name>
         <value>0x854eb</value>
         <object_component_ref idref="oc-2cb"/>
      </symbol>
      <symbol id="sm-b24">
         <name>__args_main</name>
         <value>0x854d9</value>
         <object_component_ref idref="oc-2ad"/>
      </symbol>
      <symbol id="sm-b38">
         <name>_errno</name>
         <value>0xa90a</value>
         <object_component_ref idref="oc-2a8"/>
      </symbol>
   </symbol_table>
   <title>Link successful</title>
</link_info>
